Archive member included to satisfy reference by file (symbol)

/home/zengchao/share/CBB-master/lib/libsal.a(thread.o)
                              main.o (sal_thread_create)
/home/zengchao/share/CBB-master/lib/libsal.a(sync.o)
                              /home/zengchao/share/CBB-master/lib/libsal.a(thread.o) (sal_sem_create)
/home/zengchao/share/CBB-master/lib/libsal.a(spl.o)
                              /home/zengchao/share/CBB-master/lib/libsal.a(thread.o) (sal_spl)
/home/zengchao/share/CBB-master/lib/libsal.a(time.o)
                              /home/zengchao/share/CBB-master/lib/libsal.a(thread.o) (sal_time_usecs)
/home/zengchao/share/CBB-master/lib/libsal.a(libc.o)
                              /home/zengchao/share/CBB-master/lib/libsal.a(sync.o) (memset)
/home/zengchao/share/CBB-master/lib/libsal.a(alloc.o)
                              /home/zengchao/share/CBB-master/lib/libsal.a(libc.o) (sal_alloc)
/usr/lib/x86_64-linux-gnu/libc_nonshared.a(elf-init.oS)
                              /usr/lib/gcc/x86_64-linux-gnu/5/../../../x86_64-linux-gnu/crt1.o (__libc_csu_init)

As-needed library included to satisfy reference by file (symbol)

libpthread.so.0               /home/zengchao/share/CBB-master/lib/libsal.a(sync.o) (pthread_mutex_destroy@@GLIBC_2.2.5)
librt.so.1                    /home/zengchao/share/CBB-master/lib/libsal.a(sync.o) (clock_gettime@@GLIBC_2.2.5)

Discarded input sections

 .note.GNU-stack
                0x0000000000000000        0x0 /usr/lib/gcc/x86_64-linux-gnu/5/../../../x86_64-linux-gnu/crt1.o
 .note.GNU-stack
                0x0000000000000000        0x0 /usr/lib/gcc/x86_64-linux-gnu/5/../../../x86_64-linux-gnu/crti.o
 .note.GNU-stack
                0x0000000000000000        0x0 /usr/lib/gcc/x86_64-linux-gnu/5/crtbegin.o
 .note.GNU-stack
                0x0000000000000000        0x0 main.o
 .note.GNU-stack
                0x0000000000000000        0x0 /home/zengchao/share/CBB-master/lib/libsal.a(thread.o)
 .note.GNU-stack
                0x0000000000000000        0x0 /home/zengchao/share/CBB-master/lib/libsal.a(sync.o)
 .note.GNU-stack
                0x0000000000000000        0x0 /home/zengchao/share/CBB-master/lib/libsal.a(spl.o)
 .note.GNU-stack
                0x0000000000000000        0x0 /home/zengchao/share/CBB-master/lib/libsal.a(time.o)
 .note.GNU-stack
                0x0000000000000000        0x0 /home/zengchao/share/CBB-master/lib/libsal.a(libc.o)
 .note.GNU-stack
                0x0000000000000000        0x0 /home/zengchao/share/CBB-master/lib/libsal.a(alloc.o)
 .note.GNU-stack
                0x0000000000000000        0x0 /usr/lib/x86_64-linux-gnu/libc_nonshared.a(elf-init.oS)
 .note.GNU-stack
                0x0000000000000000        0x0 /usr/lib/gcc/x86_64-linux-gnu/5/crtend.o
 .note.GNU-stack
                0x0000000000000000        0x0 /usr/lib/gcc/x86_64-linux-gnu/5/../../../x86_64-linux-gnu/crtn.o

Memory Configuration

Name             Origin             Length             Attributes
*default*        0x0000000000000000 0xffffffffffffffff

Linker script and memory map

LOAD /usr/lib/gcc/x86_64-linux-gnu/5/../../../x86_64-linux-gnu/crt1.o
LOAD /usr/lib/gcc/x86_64-linux-gnu/5/../../../x86_64-linux-gnu/crti.o
LOAD /usr/lib/gcc/x86_64-linux-gnu/5/crtbegin.o
LOAD main.o
START GROUP
END GROUP
LOAD /home/zengchao/share/CBB-master/lib/libsal.a
LOAD /usr/lib/gcc/x86_64-linux-gnu/5/../../../x86_64-linux-gnu/libpthread.so
START GROUP
LOAD /lib/x86_64-linux-gnu/libpthread.so.0
LOAD /usr/lib/x86_64-linux-gnu/libpthread_nonshared.a
END GROUP
LOAD /usr/lib/gcc/x86_64-linux-gnu/5/../../../x86_64-linux-gnu/libm.so
START GROUP
LOAD /lib/x86_64-linux-gnu/libm.so.6
LOAD /usr/lib/x86_64-linux-gnu/libmvec_nonshared.a
LOAD /lib/x86_64-linux-gnu/libmvec.so.1
END GROUP
LOAD /usr/lib/gcc/x86_64-linux-gnu/5/../../../x86_64-linux-gnu/librt.so
LOAD /usr/lib/gcc/x86_64-linux-gnu/5/libgcc.a
LOAD /usr/lib/gcc/x86_64-linux-gnu/5/libgcc_s.so
LOAD /usr/lib/gcc/x86_64-linux-gnu/5/../../../x86_64-linux-gnu/libc.so
START GROUP
LOAD /lib/x86_64-linux-gnu/libc.so.6
LOAD /usr/lib/x86_64-linux-gnu/libc_nonshared.a
LOAD /lib/x86_64-linux-gnu/ld-linux-x86-64.so.2
END GROUP
LOAD /usr/lib/gcc/x86_64-linux-gnu/5/libgcc.a
LOAD /usr/lib/gcc/x86_64-linux-gnu/5/libgcc_s.so
LOAD /usr/lib/gcc/x86_64-linux-gnu/5/crtend.o
LOAD /usr/lib/gcc/x86_64-linux-gnu/5/../../../x86_64-linux-gnu/crtn.o
                [!provide]                        PROVIDE (__executable_start, 0x400000)
                0x0000000000400238                . = (0x400000 + SIZEOF_HEADERS)

.interp         0x0000000000400238       0x1c
 *(.interp)
 .interp        0x0000000000400238       0x1c /usr/lib/gcc/x86_64-linux-gnu/5/../../../x86_64-linux-gnu/crt1.o

.note.ABI-tag   0x0000000000400254       0x20
 .note.ABI-tag  0x0000000000400254       0x20 /usr/lib/gcc/x86_64-linux-gnu/5/../../../x86_64-linux-gnu/crt1.o

.note.gnu.build-id
                0x0000000000400274       0x24
 *(.note.gnu.build-id)
 .note.gnu.build-id
                0x0000000000400274       0x24 /usr/lib/gcc/x86_64-linux-gnu/5/../../../x86_64-linux-gnu/crt1.o

.hash
 *(.hash)

.gnu.hash       0x0000000000400298       0x30
 *(.gnu.hash)
 .gnu.hash      0x0000000000400298       0x30 /usr/lib/gcc/x86_64-linux-gnu/5/../../../x86_64-linux-gnu/crt1.o

.dynsym         0x00000000004002c8      0x630
 *(.dynsym)
 .dynsym        0x00000000004002c8      0x630 /usr/lib/gcc/x86_64-linux-gnu/5/../../../x86_64-linux-gnu/crt1.o

.dynstr         0x00000000004008f8      0x3cc
 *(.dynstr)
 .dynstr        0x00000000004008f8      0x3cc /usr/lib/gcc/x86_64-linux-gnu/5/../../../x86_64-linux-gnu/crt1.o

.gnu.version    0x0000000000400cc4       0x84
 *(.gnu.version)
 .gnu.version   0x0000000000400cc4       0x84 /usr/lib/gcc/x86_64-linux-gnu/5/../../../x86_64-linux-gnu/crt1.o

.gnu.version_d  0x0000000000400d48        0x0
 *(.gnu.version_d)
 .gnu.version_d
                0x0000000000400d48        0x0 /usr/lib/gcc/x86_64-linux-gnu/5/../../../x86_64-linux-gnu/crt1.o

.gnu.version_r  0x0000000000400d48       0x70
 *(.gnu.version_r)
 .gnu.version_r
                0x0000000000400d48       0x70 /usr/lib/gcc/x86_64-linux-gnu/5/../../../x86_64-linux-gnu/crt1.o

.rela.dyn       0x0000000000400db8       0x30
 *(.rela.init)
 *(.rela.text .rela.text.* .rela.gnu.linkonce.t.*)
 .rela.text     0x0000000000400db8        0x0 /usr/lib/gcc/x86_64-linux-gnu/5/../../../x86_64-linux-gnu/crt1.o
 *(.rela.fini)
 *(.rela.rodata .rela.rodata.* .rela.gnu.linkonce.r.*)
 *(.rela.data .rela.data.* .rela.gnu.linkonce.d.*)
 *(.rela.tdata .rela.tdata.* .rela.gnu.linkonce.td.*)
 *(.rela.tbss .rela.tbss.* .rela.gnu.linkonce.tb.*)
 *(.rela.ctors)
 *(.rela.dtors)
 *(.rela.got)
 .rela.got      0x0000000000400db8       0x18 /usr/lib/gcc/x86_64-linux-gnu/5/../../../x86_64-linux-gnu/crt1.o
 *(.rela.bss .rela.bss.* .rela.gnu.linkonce.b.*)
 .rela.bss      0x0000000000400dd0       0x18 /usr/lib/gcc/x86_64-linux-gnu/5/../../../x86_64-linux-gnu/crt1.o
 *(.rela.ldata .rela.ldata.* .rela.gnu.linkonce.l.*)
 *(.rela.lbss .rela.lbss.* .rela.gnu.linkonce.lb.*)
 *(.rela.lrodata .rela.lrodata.* .rela.gnu.linkonce.lr.*)
 *(.rela.ifunc)

.rela.plt       0x0000000000400de8      0x570
 *(.rela.plt)
 .rela.plt      0x0000000000400de8      0x570 /usr/lib/gcc/x86_64-linux-gnu/5/../../../x86_64-linux-gnu/crt1.o
                [!provide]                        PROVIDE (__rela_iplt_start, .)
 *(.rela.iplt)
 .rela.iplt     0x0000000000401358        0x0 /usr/lib/gcc/x86_64-linux-gnu/5/../../../x86_64-linux-gnu/crt1.o
                [!provide]                        PROVIDE (__rela_iplt_end, .)

.init           0x0000000000401358       0x1a
 *(SORT(.init))
 .init          0x0000000000401358       0x15 /usr/lib/gcc/x86_64-linux-gnu/5/../../../x86_64-linux-gnu/crti.o
                0x0000000000401358                _init
 .init          0x000000000040136d        0x5 /usr/lib/gcc/x86_64-linux-gnu/5/../../../x86_64-linux-gnu/crtn.o

.plt            0x0000000000401380      0x3b0
 *(.plt)
 .plt           0x0000000000401380      0x3b0 /usr/lib/gcc/x86_64-linux-gnu/5/../../../x86_64-linux-gnu/crt1.o
                0x0000000000401390                sigprocmask@@GLIBC_2.2.5
                0x00000000004013a0                free@@GLIBC_2.2.5
                0x00000000004013b0                pthread_create@@GLIBC_2.2.5
                0x00000000004013c0                pthread_detach@@GLIBC_2.2.5
                0x00000000004013d0                __errno_location@@GLIBC_2.2.5
                0x00000000004013e0                strncpy@@GLIBC_2.2.5
                0x00000000004013f0                strcpy@@GLIBC_2.2.5
                0x0000000000401400                pthread_attr_setinheritsched@@GLIBC_2.2.5
                0x0000000000401410                pthread_cancel@@GLIBC_2.2.5
                0x0000000000401420                strlen@@GLIBC_2.2.5
                0x0000000000401430                __stack_chk_fail@@GLIBC_2.4
                0x0000000000401440                pthread_setcancelstate@@GLIBC_2.2.5
                0x0000000000401450                htons@@GLIBC_2.2.5
                0x0000000000401460                strchr@@GLIBC_2.2.5
                0x0000000000401470                printf@@GLIBC_2.2.5
                0x0000000000401480                pthread_setspecific@@GLIBC_2.2.5
                0x0000000000401490                pthread_mutex_destroy@@GLIBC_2.2.5
                0x00000000004014a0                pthread_mutexattr_init@@GLIBC_2.2.5
                0x00000000004014b0                gettimeofday@@GLIBC_2.2.5
                0x00000000004014c0                __assert_fail@@GLIBC_2.2.5
                0x00000000004014d0                sem_timedwait@@GLIBC_2.2.5
                0x00000000004014e0                pthread_attr_setschedpolicy@@GLIBC_2.2.5
                0x00000000004014f0                htonl@@GLIBC_2.2.5
                0x0000000000401500                sendto@@GLIBC_2.2.5
                0x0000000000401510                sched_yield@@GLIBC_2.2.5
                0x0000000000401520                __libc_start_main@@GLIBC_2.2.5
                0x0000000000401530                pthread_attr_init@@GLIBC_2.2.5
                0x0000000000401540                fgets@@GLIBC_2.2.5
                0x0000000000401550                sem_wait@@GLIBC_2.2.5
                0x0000000000401560                syscall@@GLIBC_2.2.5
                0x0000000000401570                sigemptyset@@GLIBC_2.2.5
                0x0000000000401580                prctl@@GLIBC_2.2.5
                0x0000000000401590                time@@GLIBC_2.2.5
                0x00000000004015a0                select@@GLIBC_2.2.5
                0x00000000004015b0                pthread_getspecific@@GLIBC_2.2.5
                0x00000000004015c0                pthread_mutex_unlock@@GLIBC_2.2.5
                0x00000000004015d0                pthread_mutexattr_settype@@GLIBC_2.2.5
                0x00000000004015e0                pthread_exit@@GLIBC_2.2.5
                0x00000000004015f0                malloc@@GLIBC_2.2.5
                0x0000000000401600                recvfrom@@GLIBC_2.2.5
                0x0000000000401610                clock_gettime@@GLIBC_2.2.5
                0x0000000000401620                sem_post@@GLIBC_2.2.5
                0x0000000000401630                pthread_attr_setstacksize@@GLIBC_2.2.5
                0x0000000000401640                sem_getvalue@@GLIBC_2.2.5
                0x0000000000401650                pthread_key_create@@GLIBC_2.2.5
                0x0000000000401660                bind@@GLIBC_2.2.5
                0x0000000000401670                pthread_self@@GLIBC_2.2.5
                0x0000000000401680                sem_init@@GLIBC_2.2.5
                0x0000000000401690                pthread_mutex_timedlock@@GLIBC_2.2.5
                0x00000000004016a0                perror@@GLIBC_2.2.5
                0x00000000004016b0                pthread_setcanceltype@@GLIBC_2.2.5
                0x00000000004016c0                pthread_attr_setschedparam@@GLIBC_2.2.5
                0x00000000004016d0                pthread_key_delete@@GLIBC_2.2.5
                0x00000000004016e0                sem_destroy@@GLIBC_2.2.5
                0x00000000004016f0                pthread_mutex_init@@GLIBC_2.2.5
                0x0000000000401700                sigaddset@@GLIBC_2.2.5
                0x0000000000401710                pthread_mutex_lock@@GLIBC_2.2.5
                0x0000000000401720                socket@@GLIBC_2.2.5
 *(.iplt)
 .iplt          0x0000000000401730        0x0 /usr/lib/gcc/x86_64-linux-gnu/5/../../../x86_64-linux-gnu/crt1.o

.plt.got        0x0000000000401730        0x8
 *(.plt.got)
 .plt.got       0x0000000000401730        0x8 /usr/lib/gcc/x86_64-linux-gnu/5/../../../x86_64-linux-gnu/crt1.o

.plt.bnd
 *(.plt.bnd)

.text           0x0000000000401740     0x3792
 *(.text.unlikely .text.*_unlikely .text.unlikely.*)
 .text.unlikely
                0x0000000000401740        0x0 /usr/lib/gcc/x86_64-linux-gnu/5/crtbegin.o
 .text.unlikely
                0x0000000000401740        0x0 /usr/lib/x86_64-linux-gnu/libc_nonshared.a(elf-init.oS)
 *(.text.exit .text.exit.*)
 *(.text.startup .text.startup.*)
 *(.text.hot .text.hot.*)
 *(.text .stub .text.* .gnu.linkonce.t.*)
 .text          0x0000000000401740       0x2a /usr/lib/gcc/x86_64-linux-gnu/5/../../../x86_64-linux-gnu/crt1.o
                0x0000000000401740                _start
 .text          0x000000000040176a        0x0 /usr/lib/gcc/x86_64-linux-gnu/5/../../../x86_64-linux-gnu/crti.o
 *fill*         0x000000000040176a        0x6 
 .text          0x0000000000401770       0xc6 /usr/lib/gcc/x86_64-linux-gnu/5/crtbegin.o
 .text          0x0000000000401836      0x2f8 main.o
                0x0000000000401836                udp_server_init
                0x0000000000401998                udp_client_init
                0x0000000000401adf                main
 .text          0x0000000000401b2e      0xb23 /home/zengchao/share/CBB-master/lib/libsal.a(thread.o)
                0x0000000000401c74                sal_thread_create
                0x0000000000401f01                sal_thread_destroy
                0x0000000000401fd7                sal_thread_self
                0x0000000000401fe2                sal_thread_id_get
                0x0000000000401ff7                sal_thread_name
                0x00000000004020a5                sal_thread_exit
                0x0000000000402167                sal_thread_yield
                0x0000000000402178                sal_thread_main_set
                0x000000000040218e                sal_thread_main_get
                0x000000000040219b                sal_sleep
                0x00000000004021fd                sal_usleep
                0x00000000004022d6                sal_udelay
                0x00000000004024c8                sal_tls_key_create
                0x0000000000402578                sal_tls_key_set
                0x00000000004025cd                sal_tls_key_get
                0x0000000000402607                sal_tls_key_delete
 .text          0x0000000000402651      0x950 /home/zengchao/share/CBB-master/lib/libsal.a(sync.o)
                0x000000000040299e                sal_mutex_create
                0x00000000004029b8                sal_mutex_destroy
                0x0000000000402a96                sal_mutex_take
                0x0000000000402bec                sal_mutex_give
                0x0000000000402cda                sal_sem_create
                0x0000000000402d56                sal_sem_destroy
                0x0000000000402da5                sal_sem_take
                0x0000000000402e91                sal_sem_give
                0x0000000000402f2f                sal_spinlock_create
                0x0000000000402f49                sal_spinlock_destroy
                0x0000000000402f68                sal_spinlock_lock
                0x0000000000402f87                sal_spinlock_unlock
 .text          0x0000000000402fa1      0x10a /home/zengchao/share/CBB-master/lib/libsal.a(spl.o)
                0x0000000000402fa1                sal_spl_init
                0x000000000040300b                sal_spl
                0x000000000040305a                sal_splhi
                0x000000000040307f                sal_int_context
                0x00000000004030a0                sal_no_sleep
 .text          0x00000000004030ab      0x10e /home/zengchao/share/CBB-master/lib/libsal.a(time.o)
                0x00000000004030ab                sal_time_double
                0x0000000000403113                sal_time_usecs
                0x00000000004031a9                sal_time
 .text          0x00000000004031b9     0x18bc /home/zengchao/share/CBB-master/lib/libsal.a(libc.o)
                0x00000000004031b9                sal_strlen
                0x00000000004031eb                sal_strcpy
                0x000000000040322a                sal_strncpy
                0x0000000000403284                sal_strcmp
                0x00000000004032e1                memcpy
                0x0000000000403337                memset
                0x0000000000403378                sal_memcmp
                0x00000000004033ee                sal_strdup
                0x000000000040343f                sal_strndup
                0x00000000004034a9                sal_strtok_r
                0x00000000004035ac                sal_ctoi
                0x000000000040371b                sal_ltoa
                0x000000000040380a                sal_itoa
                0x0000000000403841                sal_ftoa
                0x0000000000403a66                sal_vsnprintf
                0x00000000004047b6                sal_vsprintf
                0x00000000004047e5                sal_snprintf
                0x00000000004048c6                sal_sprintf
                0x00000000004049a5                sal_free_safe
                0x00000000004049c7                sal_ceil_func
                0x0000000000404a06                sal_floor_func
                0x0000000000404a30                sal_rand
                0x0000000000404a61                sal_srand
 .text          0x0000000000404a75      0x3e1 /home/zengchao/share/CBB-master/lib/libsal.a(alloc.o)
                0x0000000000404a75                sal_get_alloc_counters
                0x0000000000404aa0                sal_alloc
                0x0000000000404b89                sal_free
                0x0000000000404cac                sal_dma_alloc
                0x0000000000404d5b                sal_dma_free
                0x0000000000404e10                sal_dma_flush
                0x0000000000404e1e                sal_dma_inval
                0x0000000000404e2c                sal_dma_vtop
                0x0000000000404e3a                sal_dma_ptov
                0x0000000000404e48                sal_memory_check
 *fill*         0x0000000000404e56        0xa 
 .text          0x0000000000404e60       0x72 /usr/lib/x86_64-linux-gnu/libc_nonshared.a(elf-init.oS)
                0x0000000000404e60                __libc_csu_init
                0x0000000000404ed0                __libc_csu_fini
 .text          0x0000000000404ed2        0x0 /usr/lib/gcc/x86_64-linux-gnu/5/crtend.o
 .text          0x0000000000404ed2        0x0 /usr/lib/gcc/x86_64-linux-gnu/5/../../../x86_64-linux-gnu/crtn.o
 *(.gnu.warning)

.fini           0x0000000000404ed4        0x9
 *(SORT(.fini))
 .fini          0x0000000000404ed4        0x4 /usr/lib/gcc/x86_64-linux-gnu/5/../../../x86_64-linux-gnu/crti.o
                0x0000000000404ed4                _fini
 .fini          0x0000000000404ed8        0x5 /usr/lib/gcc/x86_64-linux-gnu/5/../../../x86_64-linux-gnu/crtn.o
                [!provide]                        PROVIDE (__etext, .)
                [!provide]                        PROVIDE (_etext, .)
                [!provide]                        PROVIDE (etext, .)

.rodata         0x0000000000404ee0      0x81d
 *(.rodata .rodata.* .gnu.linkonce.r.*)
 .rodata.cst4   0x0000000000404ee0        0x4 /usr/lib/gcc/x86_64-linux-gnu/5/../../../x86_64-linux-gnu/crt1.o
                0x0000000000404ee0                _IO_stdin_used
 .rodata        0x0000000000404ee4       0x74 main.o
 .rodata        0x0000000000404f58        0xb /home/zengchao/share/CBB-master/lib/libsal.a(thread.o)
 *fill*         0x0000000000404f63        0xd 
 .rodata        0x0000000000404f70      0x140 /home/zengchao/share/CBB-master/lib/libsal.a(sync.o)
 .rodata        0x00000000004050b0       0x28 /home/zengchao/share/CBB-master/lib/libsal.a(spl.o)
 .rodata        0x00000000004050d8        0x8 /home/zengchao/share/CBB-master/lib/libsal.a(time.o)
 .rodata        0x00000000004050e0      0x578 /home/zengchao/share/CBB-master/lib/libsal.a(libc.o)
 .rodata        0x0000000000405658       0xa5 /home/zengchao/share/CBB-master/lib/libsal.a(alloc.o)

.rodata1
 *(.rodata1)

.eh_frame_hdr   0x0000000000405700      0x29c
 *(.eh_frame_hdr)
 .eh_frame_hdr  0x0000000000405700      0x29c /usr/lib/gcc/x86_64-linux-gnu/5/../../../x86_64-linux-gnu/crt1.o
                0x0000000000405700                __GNU_EH_FRAME_HDR
 *(.eh_frame_entry .eh_frame_entry.*)

.eh_frame       0x00000000004059a0      0xaa4
 *(.eh_frame)
 .eh_frame      0x00000000004059a0       0x30 /usr/lib/gcc/x86_64-linux-gnu/5/../../../x86_64-linux-gnu/crt1.o
 .eh_frame      0x00000000004059d0       0x40 /usr/lib/gcc/x86_64-linux-gnu/5/../../../x86_64-linux-gnu/crt1.o
 .eh_frame      0x0000000000405a10       0x60 main.o
                                         0x70 (size before relaxing)
 .eh_frame      0x0000000000405a70      0x240 /home/zengchao/share/CBB-master/lib/libsal.a(thread.o)
                                        0x258 (size before relaxing)
 .eh_frame      0x0000000000405cb0      0x208 /home/zengchao/share/CBB-master/lib/libsal.a(sync.o)
                                        0x220 (size before relaxing)
 .eh_frame      0x0000000000405eb8       0xa0 /home/zengchao/share/CBB-master/lib/libsal.a(spl.o)
                                         0xb8 (size before relaxing)
 .eh_frame      0x0000000000405f58       0x60 /home/zengchao/share/CBB-master/lib/libsal.a(time.o)
                                         0x78 (size before relaxing)
 .eh_frame      0x0000000000405fb8      0x2e8 /home/zengchao/share/CBB-master/lib/libsal.a(libc.o)
                                        0x300 (size before relaxing)
 .eh_frame      0x00000000004062a0      0x140 /home/zengchao/share/CBB-master/lib/libsal.a(alloc.o)
                                        0x158 (size before relaxing)
 .eh_frame      0x00000000004063e0       0x60 /usr/lib/x86_64-linux-gnu/libc_nonshared.a(elf-init.oS)
                                         0x78 (size before relaxing)
 .eh_frame      0x0000000000406440        0x4 /usr/lib/gcc/x86_64-linux-gnu/5/crtend.o
 *(.eh_frame.*)

.gcc_except_table
 *(.gcc_except_table .gcc_except_table.*)

.gnu_extab
 *(.gnu_extab*)

.exception_ranges
 *(.exception_ranges .exception_ranges*)
                0x0000000000606df0                . = DATA_SEGMENT_ALIGN (0x200000, 0x1000)

.eh_frame
 *(.eh_frame)
 *(.eh_frame.*)

.gnu_extab
 *(.gnu_extab)

.gcc_except_table
 *(.gcc_except_table .gcc_except_table.*)

.exception_ranges
 *(.exception_ranges .exception_ranges*)

.tdata
 *(.tdata .tdata.* .gnu.linkonce.td.*)

.tbss
 *(.tbss .tbss.* .gnu.linkonce.tb.*)
 *(.tcommon)

.preinit_array  0x0000000000606df0        0x0
                [!provide]                        PROVIDE (__preinit_array_start, .)
 *(.preinit_array)
                [!provide]                        PROVIDE (__preinit_array_end, .)

.init_array     0x0000000000606df0        0x8
                0x0000000000606df0                PROVIDE (__init_array_start, .)
 *(SORT(.init_array.*) SORT(.ctors.*))
 *(.init_array EXCLUDE_FILE(*crtend?.o *crtend.o *crtbegin?.o *crtbegin.o) .ctors)
 .init_array    0x0000000000606df0        0x8 /usr/lib/gcc/x86_64-linux-gnu/5/crtbegin.o
                0x0000000000606df8                PROVIDE (__init_array_end, .)

.fini_array     0x0000000000606df8        0x8
                [!provide]                        PROVIDE (__fini_array_start, .)
 *(SORT(.fini_array.*) SORT(.dtors.*))
 *(.fini_array EXCLUDE_FILE(*crtend?.o *crtend.o *crtbegin?.o *crtbegin.o) .dtors)
 .fini_array    0x0000000000606df8        0x8 /usr/lib/gcc/x86_64-linux-gnu/5/crtbegin.o
                [!provide]                        PROVIDE (__fini_array_end, .)

.ctors
 *crtbegin.o(.ctors)
 *crtbegin?.o(.ctors)
 *(EXCLUDE_FILE(*crtend?.o *crtend.o) .ctors)
 *(SORT(.ctors.*))
 *(.ctors)

.dtors
 *crtbegin.o(.dtors)
 *crtbegin?.o(.dtors)
 *(EXCLUDE_FILE(*crtend?.o *crtend.o) .dtors)
 *(SORT(.dtors.*))
 *(.dtors)

.jcr            0x0000000000606e00        0x8
 *(.jcr)
 .jcr           0x0000000000606e00        0x0 /usr/lib/gcc/x86_64-linux-gnu/5/crtbegin.o
 .jcr           0x0000000000606e00        0x8 /usr/lib/gcc/x86_64-linux-gnu/5/crtend.o

.data.rel.ro
 *(.data.rel.ro.local* .gnu.linkonce.d.rel.ro.local.*)
 *(.data.rel.ro .data.rel.ro.* .gnu.linkonce.d.rel.ro.*)

.dynamic        0x0000000000606e08      0x1f0
 *(.dynamic)
 .dynamic       0x0000000000606e08      0x1f0 /usr/lib/gcc/x86_64-linux-gnu/5/../../../x86_64-linux-gnu/crt1.o
                0x0000000000606e08                _DYNAMIC

.got            0x0000000000606ff8        0x8
 *(.got)
 .got           0x0000000000606ff8        0x8 /usr/lib/gcc/x86_64-linux-gnu/5/../../../x86_64-linux-gnu/crt1.o
 *(.igot)
                0x0000000000607fe8                . = DATA_SEGMENT_RELRO_END (., (SIZEOF (.got.plt) >= 0x18)?0x18:0x0)

.got.plt        0x0000000000607000      0x1e8
 *(.got.plt)
 .got.plt       0x0000000000607000      0x1e8 /usr/lib/gcc/x86_64-linux-gnu/5/../../../x86_64-linux-gnu/crt1.o
                0x0000000000607000                _GLOBAL_OFFSET_TABLE_
 *(.igot.plt)
 .igot.plt      0x00000000006071e8        0x0 /usr/lib/gcc/x86_64-linux-gnu/5/../../../x86_64-linux-gnu/crt1.o

.data           0x00000000006071e8       0x20
 *(.data .data.* .gnu.linkonce.d.*)
 .data          0x00000000006071e8        0x4 /usr/lib/gcc/x86_64-linux-gnu/5/../../../x86_64-linux-gnu/crt1.o
                0x00000000006071e8                data_start
                0x00000000006071e8                __data_start
 .data          0x00000000006071ec        0x0 /usr/lib/gcc/x86_64-linux-gnu/5/../../../x86_64-linux-gnu/crti.o
 *fill*         0x00000000006071ec        0x4 
 .data          0x00000000006071f0        0x8 /usr/lib/gcc/x86_64-linux-gnu/5/crtbegin.o
                0x00000000006071f0                __dso_handle
 .data          0x00000000006071f8        0x0 main.o
 .data          0x00000000006071f8        0x0 /home/zengchao/share/CBB-master/lib/libsal.a(thread.o)
 .data          0x00000000006071f8        0x8 /home/zengchao/share/CBB-master/lib/libsal.a(sync.o)
 .data          0x0000000000607200        0x0 /home/zengchao/share/CBB-master/lib/libsal.a(spl.o)
 .data          0x0000000000607200        0x0 /home/zengchao/share/CBB-master/lib/libsal.a(time.o)
 .data          0x0000000000607200        0x8 /home/zengchao/share/CBB-master/lib/libsal.a(libc.o)
 .data          0x0000000000607208        0x0 /home/zengchao/share/CBB-master/lib/libsal.a(alloc.o)
 .data          0x0000000000607208        0x0 /usr/lib/x86_64-linux-gnu/libc_nonshared.a(elf-init.oS)
 .data          0x0000000000607208        0x0 /usr/lib/gcc/x86_64-linux-gnu/5/crtend.o
 .data          0x0000000000607208        0x0 /usr/lib/gcc/x86_64-linux-gnu/5/../../../x86_64-linux-gnu/crtn.o

.tm_clone_table
                0x0000000000607208        0x0
 .tm_clone_table
                0x0000000000607208        0x0 /usr/lib/gcc/x86_64-linux-gnu/5/crtbegin.o
 .tm_clone_table
                0x0000000000607208        0x0 /usr/lib/gcc/x86_64-linux-gnu/5/crtend.o

.data1
 *(.data1)
                0x0000000000607208                _edata = .
                [!provide]                        PROVIDE (edata, .)
                0x0000000000607208                . = .
                0x0000000000607208                __bss_start = .

.bss            0x0000000000607220      0x1d0
 *(.dynbss)
 .dynbss        0x0000000000607220        0x8 /usr/lib/gcc/x86_64-linux-gnu/5/../../../x86_64-linux-gnu/crt1.o
                0x0000000000607220                stdin@@GLIBC_2.2.5
 *(.bss .bss.* .gnu.linkonce.b.*)
 .bss           0x0000000000607228        0x0 /usr/lib/gcc/x86_64-linux-gnu/5/../../../x86_64-linux-gnu/crt1.o
 .bss           0x0000000000607228        0x0 /usr/lib/gcc/x86_64-linux-gnu/5/../../../x86_64-linux-gnu/crti.o
 .bss           0x0000000000607228        0x1 /usr/lib/gcc/x86_64-linux-gnu/5/crtbegin.o
 .bss           0x0000000000607229        0x0 main.o
 *fill*         0x0000000000607229       0x17 
 .bss           0x0000000000607240       0x8c /home/zengchao/share/CBB-master/lib/libsal.a(thread.o)
 *fill*         0x00000000006072cc       0x14 
 .bss           0x00000000006072e0       0xa4 /home/zengchao/share/CBB-master/lib/libsal.a(sync.o)
                0x00000000006072e0                ctrl_c_blocked
 *fill*         0x0000000000607384       0x1c 
 .bss           0x00000000006073a0       0x2c /home/zengchao/share/CBB-master/lib/libsal.a(spl.o)
 .bss           0x00000000006073cc        0x0 /home/zengchao/share/CBB-master/lib/libsal.a(time.o)
 .bss           0x00000000006073cc        0x0 /home/zengchao/share/CBB-master/lib/libsal.a(libc.o)
 *fill*         0x00000000006073cc        0x4 
 .bss           0x00000000006073d0       0x20 /home/zengchao/share/CBB-master/lib/libsal.a(alloc.o)
 .bss           0x00000000006073f0        0x0 /usr/lib/x86_64-linux-gnu/libc_nonshared.a(elf-init.oS)
 .bss           0x00000000006073f0        0x0 /usr/lib/gcc/x86_64-linux-gnu/5/crtend.o
 .bss           0x00000000006073f0        0x0 /usr/lib/gcc/x86_64-linux-gnu/5/../../../x86_64-linux-gnu/crtn.o
 *(COMMON)
                0x00000000006073f0                . = ALIGN ((. != 0x0)?0x8:0x1)

.lbss
 *(.dynlbss)
 *(.lbss .lbss.* .gnu.linkonce.lb.*)
 *(LARGE_COMMON)
                0x00000000006073f0                . = ALIGN (0x8)
                0x00000000006073f0                . = SEGMENT_START ("ldata-segment", .)

.lrodata
 *(.lrodata .lrodata.* .gnu.linkonce.lr.*)

.ldata          0x0000000000a073f0        0x0
 *(.ldata .ldata.* .gnu.linkonce.l.*)
                0x0000000000a073f0                . = ALIGN ((. != 0x0)?0x8:0x1)
                0x0000000000a073f0                . = ALIGN (0x8)
                0x0000000000a073f0                _end = .
                [!provide]                        PROVIDE (end, .)
                0x0000000000a073f0                . = DATA_SEGMENT_END (.)

.stab
 *(.stab)

.stabstr
 *(.stabstr)

.stab.excl
 *(.stab.excl)

.stab.exclstr
 *(.stab.exclstr)

.stab.index
 *(.stab.index)

.stab.indexstr
 *(.stab.indexstr)

.comment        0x0000000000000000       0x34
 *(.comment)
 .comment       0x0000000000000000       0x34 /usr/lib/gcc/x86_64-linux-gnu/5/crtbegin.o
                                         0x35 (size before relaxing)
 .comment       0x0000000000000034       0x35 main.o
 .comment       0x0000000000000034       0x35 /home/zengchao/share/CBB-master/lib/libsal.a(thread.o)
 .comment       0x0000000000000034       0x35 /home/zengchao/share/CBB-master/lib/libsal.a(sync.o)
 .comment       0x0000000000000034       0x35 /home/zengchao/share/CBB-master/lib/libsal.a(spl.o)
 .comment       0x0000000000000034       0x35 /home/zengchao/share/CBB-master/lib/libsal.a(time.o)
 .comment       0x0000000000000034       0x35 /home/zengchao/share/CBB-master/lib/libsal.a(libc.o)
 .comment       0x0000000000000034       0x35 /home/zengchao/share/CBB-master/lib/libsal.a(alloc.o)
 .comment       0x0000000000000034       0x35 /usr/lib/gcc/x86_64-linux-gnu/5/crtend.o

.debug
 *(.debug)

.line
 *(.line)

.debug_srcinfo
 *(.debug_srcinfo)

.debug_sfnames
 *(.debug_sfnames)

.debug_aranges  0x0000000000000000      0x150
 *(.debug_aranges)
 .debug_aranges
                0x0000000000000000       0x30 main.o
 .debug_aranges
                0x0000000000000030       0x30 /home/zengchao/share/CBB-master/lib/libsal.a(thread.o)
 .debug_aranges
                0x0000000000000060       0x30 /home/zengchao/share/CBB-master/lib/libsal.a(sync.o)
 .debug_aranges
                0x0000000000000090       0x30 /home/zengchao/share/CBB-master/lib/libsal.a(spl.o)
 .debug_aranges
                0x00000000000000c0       0x30 /home/zengchao/share/CBB-master/lib/libsal.a(time.o)
 .debug_aranges
                0x00000000000000f0       0x30 /home/zengchao/share/CBB-master/lib/libsal.a(libc.o)
 .debug_aranges
                0x0000000000000120       0x30 /home/zengchao/share/CBB-master/lib/libsal.a(alloc.o)

.debug_pubnames
 *(.debug_pubnames)

.debug_info     0x0000000000000000     0x2d56
 *(.debug_info .gnu.linkonce.wi.*)
 .debug_info    0x0000000000000000      0x56a main.o
 .debug_info    0x000000000000056a      0xa6c /home/zengchao/share/CBB-master/lib/libsal.a(thread.o)
 .debug_info    0x0000000000000fd6      0x999 /home/zengchao/share/CBB-master/lib/libsal.a(sync.o)
 .debug_info    0x000000000000196f      0x313 /home/zengchao/share/CBB-master/lib/libsal.a(spl.o)
 .debug_info    0x0000000000001c82      0x1cf /home/zengchao/share/CBB-master/lib/libsal.a(time.o)
 .debug_info    0x0000000000001e51      0xacb /home/zengchao/share/CBB-master/lib/libsal.a(libc.o)
 .debug_info    0x000000000000291c      0x43a /home/zengchao/share/CBB-master/lib/libsal.a(alloc.o)

.debug_abbrev   0x0000000000000000      0xb65
 *(.debug_abbrev)
 .debug_abbrev  0x0000000000000000      0x145 main.o
 .debug_abbrev  0x0000000000000145      0x2a0 /home/zengchao/share/CBB-master/lib/libsal.a(thread.o)
 .debug_abbrev  0x00000000000003e5      0x235 /home/zengchao/share/CBB-master/lib/libsal.a(sync.o)
 .debug_abbrev  0x000000000000061a      0x143 /home/zengchao/share/CBB-master/lib/libsal.a(spl.o)
 .debug_abbrev  0x000000000000075d       0xaa /home/zengchao/share/CBB-master/lib/libsal.a(time.o)
 .debug_abbrev  0x0000000000000807      0x1e6 /home/zengchao/share/CBB-master/lib/libsal.a(libc.o)
 .debug_abbrev  0x00000000000009ed      0x178 /home/zengchao/share/CBB-master/lib/libsal.a(alloc.o)

.debug_line     0x0000000000000000     0x10ed
 *(.debug_line .debug_line.* .debug_line_end)
 .debug_line    0x0000000000000000      0x156 main.o
 .debug_line    0x0000000000000156      0x356 /home/zengchao/share/CBB-master/lib/libsal.a(thread.o)
 .debug_line    0x00000000000004ac      0x2f7 /home/zengchao/share/CBB-master/lib/libsal.a(sync.o)
 .debug_line    0x00000000000007a3       0xb7 /home/zengchao/share/CBB-master/lib/libsal.a(spl.o)
 .debug_line    0x000000000000085a      0x148 /home/zengchao/share/CBB-master/lib/libsal.a(time.o)
 .debug_line    0x00000000000009a2      0x5ec /home/zengchao/share/CBB-master/lib/libsal.a(libc.o)
 .debug_line    0x0000000000000f8e      0x15f /home/zengchao/share/CBB-master/lib/libsal.a(alloc.o)

.debug_frame
 *(.debug_frame)

.debug_str      0x0000000000000000      0xf86
 *(.debug_str)
 .debug_str     0x0000000000000000      0x399 main.o
                                        0x411 (size before relaxing)
 .debug_str     0x0000000000000399      0x4d1 /home/zengchao/share/CBB-master/lib/libsal.a(thread.o)
                                        0x5f1 (size before relaxing)
 .debug_str     0x000000000000086a      0x26e /home/zengchao/share/CBB-master/lib/libsal.a(sync.o)
                                        0x505 (size before relaxing)
 .debug_str     0x0000000000000ad8      0x12b /home/zengchao/share/CBB-master/lib/libsal.a(spl.o)
                                        0x31c (size before relaxing)
 .debug_str     0x0000000000000c03       0x3a /home/zengchao/share/CBB-master/lib/libsal.a(time.o)
                                        0x1d7 (size before relaxing)
 .debug_str     0x0000000000000c3d      0x243 /home/zengchao/share/CBB-master/lib/libsal.a(libc.o)
                                        0x380 (size before relaxing)
 .debug_str     0x0000000000000e80      0x106 /home/zengchao/share/CBB-master/lib/libsal.a(alloc.o)
                                        0x248 (size before relaxing)

.debug_loc
 *(.debug_loc)

.debug_macinfo
 *(.debug_macinfo)

.debug_weaknames
 *(.debug_weaknames)

.debug_funcnames
 *(.debug_funcnames)

.debug_typenames
 *(.debug_typenames)

.debug_varnames
 *(.debug_varnames)

.debug_pubtypes
 *(.debug_pubtypes)

.debug_ranges   0x0000000000000000       0x30
 *(.debug_ranges)
 .debug_ranges  0x0000000000000000       0x30 /home/zengchao/share/CBB-master/lib/libsal.a(libc.o)

.debug_macro
 *(.debug_macro)

.gnu.attributes
 *(.gnu.attributes)

/DISCARD/
 *(.note.GNU-stack)
 *(.gnu_debuglink)
 *(.gnu.lto_*)
OUTPUT(/home/zengchao/share/CBB-master/bin/udp.out elf64-x86-64)
