Archive member included to satisfy reference by file (symbol)

/home/zengchao/share/CBB-master/lib/liblog.a(log.o)
                              log_test.o (bsl_printf)
/home/zengchao/share/CBB-master/lib/liblog.a(logfile.o)
                              /home/zengchao/share/CBB-master/lib/liblog.a(log.o) (log_file_init)
/home/zengchao/share/CBB-master/lib/liblog.a(logconsole.o)
                              /home/zengchao/share/CBB-master/lib/liblog.a(log.o) (log_console_init)
/home/zengchao/share/CBB-master/lib/libsal.a(libc.o)
                              /home/zengchao/share/CBB-master/lib/liblog.a(log.o) (memset)
/home/zengchao/share/CBB-master/lib/libsal.a(alloc.o)
                              /home/zengchao/share/CBB-master/lib/libsal.a(libc.o) (sal_alloc)
/usr/lib/x86_64-linux-gnu/libc_nonshared.a(elf-init.oS)
                              /usr/lib/gcc/x86_64-linux-gnu/5/../../../x86_64-linux-gnu/crt1.o (__libc_csu_init)

Allocating common symbols
Common symbol       size              file

bslsink_sinks       0x8               /home/zengchao/share/CBB-master/lib/liblog.a(log.o)
logfile_sink        0x78              /home/zengchao/share/CBB-master/lib/liblog.a(logfile.o)
console_sink        0x78              /home/zengchao/share/CBB-master/lib/liblog.a(logconsole.o)

Discarded input sections

 .note.GNU-stack
                0x0000000000000000        0x0 /usr/lib/gcc/x86_64-linux-gnu/5/../../../x86_64-linux-gnu/crt1.o
 .note.GNU-stack
                0x0000000000000000        0x0 /usr/lib/gcc/x86_64-linux-gnu/5/../../../x86_64-linux-gnu/crti.o
 .note.GNU-stack
                0x0000000000000000        0x0 /usr/lib/gcc/x86_64-linux-gnu/5/crtbegin.o
 .note.GNU-stack
                0x0000000000000000        0x0 log_test.o
 .note.GNU-stack
                0x0000000000000000        0x0 /home/zengchao/share/CBB-master/lib/liblog.a(log.o)
 .note.GNU-stack
                0x0000000000000000        0x0 /home/zengchao/share/CBB-master/lib/liblog.a(logfile.o)
 .note.GNU-stack
                0x0000000000000000        0x0 /home/zengchao/share/CBB-master/lib/liblog.a(logconsole.o)
 .note.GNU-stack
                0x0000000000000000        0x0 /home/zengchao/share/CBB-master/lib/libsal.a(libc.o)
 .note.GNU-stack
                0x0000000000000000        0x0 /home/zengchao/share/CBB-master/lib/libsal.a(alloc.o)
 .note.GNU-stack
                0x0000000000000000        0x0 /usr/lib/x86_64-linux-gnu/libc_nonshared.a(elf-init.oS)
 .note.GNU-stack
                0x0000000000000000        0x0 /usr/lib/gcc/x86_64-linux-gnu/5/crtend.o
 .note.GNU-stack
                0x0000000000000000        0x0 /usr/lib/gcc/x86_64-linux-gnu/5/../../../x86_64-linux-gnu/crtn.o

Memory Configuration

Name             Origin             Length             Attributes
*default*        0x0000000000000000 0xffffffffffffffff

Linker script and memory map

LOAD /usr/lib/gcc/x86_64-linux-gnu/5/../../../x86_64-linux-gnu/crt1.o
LOAD /usr/lib/gcc/x86_64-linux-gnu/5/../../../x86_64-linux-gnu/crti.o
LOAD /usr/lib/gcc/x86_64-linux-gnu/5/crtbegin.o
LOAD log_test.o
START GROUP
END GROUP
LOAD /home/zengchao/share/CBB-master/lib/liblog.a
LOAD /home/zengchao/share/CBB-master/lib/libsal.a
LOAD /usr/lib/gcc/x86_64-linux-gnu/5/../../../x86_64-linux-gnu/libpthread.so
START GROUP
LOAD /lib/x86_64-linux-gnu/libpthread.so.0
LOAD /usr/lib/x86_64-linux-gnu/libpthread_nonshared.a
END GROUP
LOAD /usr/lib/gcc/x86_64-linux-gnu/5/../../../x86_64-linux-gnu/libm.so
START GROUP
LOAD /lib/x86_64-linux-gnu/libm.so.6
LOAD /usr/lib/x86_64-linux-gnu/libmvec_nonshared.a
LOAD /lib/x86_64-linux-gnu/libmvec.so.1
END GROUP
LOAD /usr/lib/gcc/x86_64-linux-gnu/5/../../../x86_64-linux-gnu/librt.so
LOAD /usr/lib/gcc/x86_64-linux-gnu/5/libgcc.a
LOAD /usr/lib/gcc/x86_64-linux-gnu/5/libgcc_s.so
LOAD /usr/lib/gcc/x86_64-linux-gnu/5/../../../x86_64-linux-gnu/libc.so
START GROUP
LOAD /lib/x86_64-linux-gnu/libc.so.6
LOAD /usr/lib/x86_64-linux-gnu/libc_nonshared.a
LOAD /lib/x86_64-linux-gnu/ld-linux-x86-64.so.2
END GROUP
LOAD /usr/lib/gcc/x86_64-linux-gnu/5/libgcc.a
LOAD /usr/lib/gcc/x86_64-linux-gnu/5/libgcc_s.so
LOAD /usr/lib/gcc/x86_64-linux-gnu/5/crtend.o
LOAD /usr/lib/gcc/x86_64-linux-gnu/5/../../../x86_64-linux-gnu/crtn.o
                [!provide]                        PROVIDE (__executable_start, 0x400000)
                0x0000000000400238                . = (0x400000 + SIZEOF_HEADERS)

.interp         0x0000000000400238       0x1c
 *(.interp)
 .interp        0x0000000000400238       0x1c /usr/lib/gcc/x86_64-linux-gnu/5/../../../x86_64-linux-gnu/crt1.o

.note.ABI-tag   0x0000000000400254       0x20
 .note.ABI-tag  0x0000000000400254       0x20 /usr/lib/gcc/x86_64-linux-gnu/5/../../../x86_64-linux-gnu/crt1.o

.note.gnu.build-id
                0x0000000000400274       0x24
 *(.note.gnu.build-id)
 .note.gnu.build-id
                0x0000000000400274       0x24 /usr/lib/gcc/x86_64-linux-gnu/5/../../../x86_64-linux-gnu/crt1.o

.hash
 *(.hash)

.gnu.hash       0x0000000000400298       0x28
 *(.gnu.hash)
 .gnu.hash      0x0000000000400298       0x28 /usr/lib/gcc/x86_64-linux-gnu/5/../../../x86_64-linux-gnu/crt1.o

.dynsym         0x00000000004002c0      0x1f8
 *(.dynsym)
 .dynsym        0x00000000004002c0      0x1f8 /usr/lib/gcc/x86_64-linux-gnu/5/../../../x86_64-linux-gnu/crt1.o

.dynstr         0x00000000004004b8       0xcd
 *(.dynstr)
 .dynstr        0x00000000004004b8       0xcd /usr/lib/gcc/x86_64-linux-gnu/5/../../../x86_64-linux-gnu/crt1.o

.gnu.version    0x0000000000400586       0x2a
 *(.gnu.version)
 .gnu.version   0x0000000000400586       0x2a /usr/lib/gcc/x86_64-linux-gnu/5/../../../x86_64-linux-gnu/crt1.o

.gnu.version_d  0x00000000004005b0        0x0
 *(.gnu.version_d)
 .gnu.version_d
                0x00000000004005b0        0x0 /usr/lib/gcc/x86_64-linux-gnu/5/../../../x86_64-linux-gnu/crt1.o

.gnu.version_r  0x00000000004005b0       0x30
 *(.gnu.version_r)
 .gnu.version_r
                0x00000000004005b0       0x30 /usr/lib/gcc/x86_64-linux-gnu/5/../../../x86_64-linux-gnu/crt1.o

.rela.dyn       0x00000000004005e0       0x18
 *(.rela.init)
 *(.rela.text .rela.text.* .rela.gnu.linkonce.t.*)
 .rela.text     0x00000000004005e0        0x0 /usr/lib/gcc/x86_64-linux-gnu/5/../../../x86_64-linux-gnu/crt1.o
 *(.rela.fini)
 *(.rela.rodata .rela.rodata.* .rela.gnu.linkonce.r.*)
 *(.rela.data .rela.data.* .rela.gnu.linkonce.d.*)
 *(.rela.tdata .rela.tdata.* .rela.gnu.linkonce.td.*)
 *(.rela.tbss .rela.tbss.* .rela.gnu.linkonce.tb.*)
 *(.rela.ctors)
 *(.rela.dtors)
 *(.rela.got)
 .rela.got      0x00000000004005e0       0x18 /usr/lib/gcc/x86_64-linux-gnu/5/../../../x86_64-linux-gnu/crt1.o
 *(.rela.bss .rela.bss.* .rela.gnu.linkonce.b.*)
 .rela.bss      0x00000000004005f8        0x0 /usr/lib/gcc/x86_64-linux-gnu/5/../../../x86_64-linux-gnu/crt1.o
 *(.rela.ldata .rela.ldata.* .rela.gnu.linkonce.l.*)
 *(.rela.lbss .rela.lbss.* .rela.gnu.linkonce.lb.*)
 *(.rela.lrodata .rela.lrodata.* .rela.gnu.linkonce.lr.*)
 *(.rela.ifunc)

.rela.plt       0x00000000004005f8      0x198
 *(.rela.plt)
 .rela.plt      0x00000000004005f8      0x198 /usr/lib/gcc/x86_64-linux-gnu/5/../../../x86_64-linux-gnu/crt1.o
                [!provide]                        PROVIDE (__rela_iplt_start, .)
 *(.rela.iplt)
 .rela.iplt     0x0000000000400790        0x0 /usr/lib/gcc/x86_64-linux-gnu/5/../../../x86_64-linux-gnu/crt1.o
                [!provide]                        PROVIDE (__rela_iplt_end, .)

.init           0x0000000000400790       0x1a
 *(SORT(.init))
 .init          0x0000000000400790       0x15 /usr/lib/gcc/x86_64-linux-gnu/5/../../../x86_64-linux-gnu/crti.o
                0x0000000000400790                _init
 .init          0x00000000004007a5        0x5 /usr/lib/gcc/x86_64-linux-gnu/5/../../../x86_64-linux-gnu/crtn.o

.plt            0x00000000004007b0      0x120
 *(.plt)
 .plt           0x00000000004007b0      0x120 /usr/lib/gcc/x86_64-linux-gnu/5/../../../x86_64-linux-gnu/crt1.o
                0x00000000004007c0                free@@GLIBC_2.2.5
                0x00000000004007d0                strncpy@@GLIBC_2.2.5
                0x00000000004007e0                strncmp@@GLIBC_2.2.5
                0x00000000004007f0                fclose@@GLIBC_2.2.5
                0x0000000000400800                strlen@@GLIBC_2.2.5
                0x0000000000400810                __stack_chk_fail@@GLIBC_2.4
                0x0000000000400820                strchr@@GLIBC_2.2.5
                0x0000000000400830                printf@@GLIBC_2.2.5
                0x0000000000400840                __assert_fail@@GLIBC_2.2.5
                0x0000000000400850                __libc_start_main@@GLIBC_2.2.5
                0x0000000000400860                malloc@@GLIBC_2.2.5
                0x0000000000400870                vprintf@@GLIBC_2.2.5
                0x0000000000400880                fopen@@GLIBC_2.2.5
                0x0000000000400890                perror@@GLIBC_2.2.5
                0x00000000004008a0                vfprintf@@GLIBC_2.2.5
                0x00000000004008b0                sprintf@@GLIBC_2.2.5
                0x00000000004008c0                fwrite@@GLIBC_2.2.5
 *(.iplt)
 .iplt          0x00000000004008d0        0x0 /usr/lib/gcc/x86_64-linux-gnu/5/../../../x86_64-linux-gnu/crt1.o

.plt.got        0x00000000004008d0        0x8
 *(.plt.got)
 .plt.got       0x00000000004008d0        0x8 /usr/lib/gcc/x86_64-linux-gnu/5/../../../x86_64-linux-gnu/crt1.o

.plt.bnd
 *(.plt.bnd)

.text           0x00000000004008e0     0x2902
 *(.text.unlikely .text.*_unlikely .text.unlikely.*)
 .text.unlikely
                0x00000000004008e0        0x0 /usr/lib/gcc/x86_64-linux-gnu/5/crtbegin.o
 .text.unlikely
                0x00000000004008e0        0x0 /usr/lib/x86_64-linux-gnu/libc_nonshared.a(elf-init.oS)
 *(.text.exit .text.exit.*)
 *(.text.startup .text.startup.*)
 *(.text.hot .text.hot.*)
 *(.text .stub .text.* .gnu.linkonce.t.*)
 .text          0x00000000004008e0       0x2a /usr/lib/gcc/x86_64-linux-gnu/5/../../../x86_64-linux-gnu/crt1.o
                0x00000000004008e0                _start
 .text          0x000000000040090a        0x0 /usr/lib/gcc/x86_64-linux-gnu/5/../../../x86_64-linux-gnu/crti.o
 *fill*         0x000000000040090a        0x6 
 .text          0x0000000000400910       0xc6 /usr/lib/gcc/x86_64-linux-gnu/5/crtbegin.o
 .text          0x00000000004009d6      0x14a log_test.o
                0x00000000004009d6                main
 .text          0x0000000000400b20      0x58d /home/zengchao/share/CBB-master/lib/liblog.a(log.o)
                0x0000000000400b5f                bslsink_out
                0x0000000000400bc1                bsl_meta_t_init
                0x0000000000400c1e                log_out_hook
                0x0000000000400cc5                bsl_vprintf
                0x0000000000400f50                bsl_printf
                0x0000000000401026                bslsink_init
                0x000000000040103c                bslsink_sink_t_init
                0x0000000000401061                bslsink_sink_add
                0x0000000000401089                log_init
 .text          0x00000000004010ad      0x22e /home/zengchao/share/CBB-master/lib/liblog.a(logfile.o)
                0x00000000004010ad                log_file_vfprintf
                0x000000000040123a                log_file_severity_set
                0x0000000000401270                log_file_init
 .text          0x00000000004012db      0x1ed /home/zengchao/share/CBB-master/lib/liblog.a(logconsole.o)
                0x00000000004012db                log_console_printf
                0x0000000000401427                log_console_severity_set
                0x000000000040145d                log_console_init
 .text          0x00000000004014c8     0x18bc /home/zengchao/share/CBB-master/lib/libsal.a(libc.o)
                0x00000000004014c8                sal_strlen
                0x00000000004014fa                sal_strcpy
                0x0000000000401539                sal_strncpy
                0x0000000000401593                sal_strcmp
                0x00000000004015f0                memcpy
                0x0000000000401646                memset
                0x0000000000401687                sal_memcmp
                0x00000000004016fd                sal_strdup
                0x000000000040174e                sal_strndup
                0x00000000004017b8                sal_strtok_r
                0x00000000004018bb                sal_ctoi
                0x0000000000401a2a                sal_ltoa
                0x0000000000401b19                sal_itoa
                0x0000000000401b50                sal_ftoa
                0x0000000000401d75                sal_vsnprintf
                0x0000000000402ac5                sal_vsprintf
                0x0000000000402af4                sal_snprintf
                0x0000000000402bd5                sal_sprintf
                0x0000000000402cb4                sal_free_safe
                0x0000000000402cd6                sal_ceil_func
                0x0000000000402d15                sal_floor_func
                0x0000000000402d3f                sal_rand
                0x0000000000402d70                sal_srand
 .text          0x0000000000402d84      0x3e1 /home/zengchao/share/CBB-master/lib/libsal.a(alloc.o)
                0x0000000000402d84                sal_get_alloc_counters
                0x0000000000402daf                sal_alloc
                0x0000000000402e98                sal_free
                0x0000000000402fbb                sal_dma_alloc
                0x000000000040306a                sal_dma_free
                0x000000000040311f                sal_dma_flush
                0x000000000040312d                sal_dma_inval
                0x000000000040313b                sal_dma_vtop
                0x0000000000403149                sal_dma_ptov
                0x0000000000403157                sal_memory_check
 *fill*         0x0000000000403165        0xb 
 .text          0x0000000000403170       0x72 /usr/lib/x86_64-linux-gnu/libc_nonshared.a(elf-init.oS)
                0x0000000000403170                __libc_csu_init
                0x00000000004031e0                __libc_csu_fini
 .text          0x00000000004031e2        0x0 /usr/lib/gcc/x86_64-linux-gnu/5/crtend.o
 .text          0x00000000004031e2        0x0 /usr/lib/gcc/x86_64-linux-gnu/5/../../../x86_64-linux-gnu/crtn.o
 *(.gnu.warning)

.fini           0x00000000004031e4        0x9
 *(SORT(.fini))
 .fini          0x00000000004031e4        0x4 /usr/lib/gcc/x86_64-linux-gnu/5/../../../x86_64-linux-gnu/crti.o
                0x00000000004031e4                _fini
 .fini          0x00000000004031e8        0x5 /usr/lib/gcc/x86_64-linux-gnu/5/../../../x86_64-linux-gnu/crtn.o
                [!provide]                        PROVIDE (__etext, .)
                [!provide]                        PROVIDE (_etext, .)
                [!provide]                        PROVIDE (etext, .)

.rodata         0x00000000004031f0      0x7bd
 *(.rodata .rodata.* .gnu.linkonce.r.*)
 .rodata.cst4   0x00000000004031f0        0x4 /usr/lib/gcc/x86_64-linux-gnu/5/../../../x86_64-linux-gnu/crt1.o
                0x00000000004031f0                _IO_stdin_used
 *fill*         0x00000000004031f4        0x4 
 .rodata        0x00000000004031f8       0xc7 log_test.o
 .rodata        0x00000000004032bf       0x67 /home/zengchao/share/CBB-master/lib/liblog.a(log.o)
 .rodata        0x0000000000403326       0x38 /home/zengchao/share/CBB-master/lib/liblog.a(logfile.o)
 .rodata        0x000000000040335e       0x2b /home/zengchao/share/CBB-master/lib/liblog.a(logconsole.o)
 *fill*         0x0000000000403389        0x7 
 .rodata        0x0000000000403390      0x578 /home/zengchao/share/CBB-master/lib/libsal.a(libc.o)
 .rodata        0x0000000000403908       0xa5 /home/zengchao/share/CBB-master/lib/libsal.a(alloc.o)

.rodata1
 *(.rodata1)

.eh_frame_hdr   0x00000000004039b0      0x1bc
 *(.eh_frame_hdr)
 .eh_frame_hdr  0x00000000004039b0      0x1bc /usr/lib/gcc/x86_64-linux-gnu/5/../../../x86_64-linux-gnu/crt1.o
                0x00000000004039b0                __GNU_EH_FRAME_HDR
 *(.eh_frame_entry .eh_frame_entry.*)

.eh_frame       0x0000000000403b70      0x71c
 *(.eh_frame)
 .eh_frame      0x0000000000403b70       0x30 /usr/lib/gcc/x86_64-linux-gnu/5/../../../x86_64-linux-gnu/crt1.o
 .eh_frame      0x0000000000403ba0       0x40 /usr/lib/gcc/x86_64-linux-gnu/5/../../../x86_64-linux-gnu/crt1.o
 .eh_frame      0x0000000000403be0       0x20 log_test.o
                                         0x38 (size before relaxing)
 .eh_frame      0x0000000000403c00      0x140 /home/zengchao/share/CBB-master/lib/liblog.a(log.o)
                                        0x158 (size before relaxing)
 .eh_frame      0x0000000000403d40       0x60 /home/zengchao/share/CBB-master/lib/liblog.a(logfile.o)
                                         0x78 (size before relaxing)
 .eh_frame      0x0000000000403da0       0x60 /home/zengchao/share/CBB-master/lib/liblog.a(logconsole.o)
                                         0x78 (size before relaxing)
 .eh_frame      0x0000000000403e00      0x2e8 /home/zengchao/share/CBB-master/lib/libsal.a(libc.o)
                                        0x300 (size before relaxing)
 .eh_frame      0x00000000004040e8      0x140 /home/zengchao/share/CBB-master/lib/libsal.a(alloc.o)
                                        0x158 (size before relaxing)
 .eh_frame      0x0000000000404228       0x60 /usr/lib/x86_64-linux-gnu/libc_nonshared.a(elf-init.oS)
                                         0x78 (size before relaxing)
 .eh_frame      0x0000000000404288        0x4 /usr/lib/gcc/x86_64-linux-gnu/5/crtend.o
 *(.eh_frame.*)

.gcc_except_table
 *(.gcc_except_table .gcc_except_table.*)

.gnu_extab
 *(.gnu_extab*)

.exception_ranges
 *(.exception_ranges .exception_ranges*)
                0x0000000000604e10                . = DATA_SEGMENT_ALIGN (0x200000, 0x1000)

.eh_frame
 *(.eh_frame)
 *(.eh_frame.*)

.gnu_extab
 *(.gnu_extab)

.gcc_except_table
 *(.gcc_except_table .gcc_except_table.*)

.exception_ranges
 *(.exception_ranges .exception_ranges*)

.tdata
 *(.tdata .tdata.* .gnu.linkonce.td.*)

.tbss
 *(.tbss .tbss.* .gnu.linkonce.tb.*)
 *(.tcommon)

.preinit_array  0x0000000000604e10        0x0
                [!provide]                        PROVIDE (__preinit_array_start, .)
 *(.preinit_array)
                [!provide]                        PROVIDE (__preinit_array_end, .)

.init_array     0x0000000000604e10        0x8
                0x0000000000604e10                PROVIDE (__init_array_start, .)
 *(SORT(.init_array.*) SORT(.ctors.*))
 *(.init_array EXCLUDE_FILE(*crtend?.o *crtend.o *crtbegin?.o *crtbegin.o) .ctors)
 .init_array    0x0000000000604e10        0x8 /usr/lib/gcc/x86_64-linux-gnu/5/crtbegin.o
                0x0000000000604e18                PROVIDE (__init_array_end, .)

.fini_array     0x0000000000604e18        0x8
                [!provide]                        PROVIDE (__fini_array_start, .)
 *(SORT(.fini_array.*) SORT(.dtors.*))
 *(.fini_array EXCLUDE_FILE(*crtend?.o *crtend.o *crtbegin?.o *crtbegin.o) .dtors)
 .fini_array    0x0000000000604e18        0x8 /usr/lib/gcc/x86_64-linux-gnu/5/crtbegin.o
                [!provide]                        PROVIDE (__fini_array_end, .)

.ctors
 *crtbegin.o(.ctors)
 *crtbegin?.o(.ctors)
 *(EXCLUDE_FILE(*crtend?.o *crtend.o) .ctors)
 *(SORT(.ctors.*))
 *(.ctors)

.dtors
 *crtbegin.o(.dtors)
 *crtbegin?.o(.dtors)
 *(EXCLUDE_FILE(*crtend?.o *crtend.o) .dtors)
 *(SORT(.dtors.*))
 *(.dtors)

.jcr            0x0000000000604e20        0x8
 *(.jcr)
 .jcr           0x0000000000604e20        0x0 /usr/lib/gcc/x86_64-linux-gnu/5/crtbegin.o
 .jcr           0x0000000000604e20        0x8 /usr/lib/gcc/x86_64-linux-gnu/5/crtend.o

.data.rel.ro
 *(.data.rel.ro.local* .gnu.linkonce.d.rel.ro.local.*)
 *(.data.rel.ro .data.rel.ro.* .gnu.linkonce.d.rel.ro.*)

.dynamic        0x0000000000604e28      0x1d0
 *(.dynamic)
 .dynamic       0x0000000000604e28      0x1d0 /usr/lib/gcc/x86_64-linux-gnu/5/../../../x86_64-linux-gnu/crt1.o
                0x0000000000604e28                _DYNAMIC

.got            0x0000000000604ff8        0x8
 *(.got)
 .got           0x0000000000604ff8        0x8 /usr/lib/gcc/x86_64-linux-gnu/5/../../../x86_64-linux-gnu/crt1.o
 *(.igot)
                0x0000000000605fe8                . = DATA_SEGMENT_RELRO_END (., (SIZEOF (.got.plt) >= 0x18)?0x18:0x0)

.got.plt        0x0000000000605000       0xa0
 *(.got.plt)
 .got.plt       0x0000000000605000       0xa0 /usr/lib/gcc/x86_64-linux-gnu/5/../../../x86_64-linux-gnu/crt1.o
                0x0000000000605000                _GLOBAL_OFFSET_TABLE_
 *(.igot.plt)
 .igot.plt      0x00000000006050a0        0x0 /usr/lib/gcc/x86_64-linux-gnu/5/../../../x86_64-linux-gnu/crt1.o

.data           0x00000000006050a0       0x98
 *(.data .data.* .gnu.linkonce.d.*)
 .data          0x00000000006050a0        0x4 /usr/lib/gcc/x86_64-linux-gnu/5/../../../x86_64-linux-gnu/crt1.o
                0x00000000006050a0                data_start
                0x00000000006050a0                __data_start
 .data          0x00000000006050a4        0x0 /usr/lib/gcc/x86_64-linux-gnu/5/../../../x86_64-linux-gnu/crti.o
 *fill*         0x00000000006050a4        0x4 
 .data          0x00000000006050a8        0x8 /usr/lib/gcc/x86_64-linux-gnu/5/crtbegin.o
                0x00000000006050a8                __dso_handle
 .data          0x00000000006050b0        0x0 log_test.o
 *fill*         0x00000000006050b0       0x10 
 .data          0x00000000006050c0       0x70 /home/zengchao/share/CBB-master/lib/liblog.a(log.o)
                0x00000000006050c0                log_sever_array
 .data          0x0000000000605130        0x0 /home/zengchao/share/CBB-master/lib/liblog.a(logfile.o)
 .data          0x0000000000605130        0x0 /home/zengchao/share/CBB-master/lib/liblog.a(logconsole.o)
 .data          0x0000000000605130        0x8 /home/zengchao/share/CBB-master/lib/libsal.a(libc.o)
 .data          0x0000000000605138        0x0 /home/zengchao/share/CBB-master/lib/libsal.a(alloc.o)
 .data          0x0000000000605138        0x0 /usr/lib/x86_64-linux-gnu/libc_nonshared.a(elf-init.oS)
 .data          0x0000000000605138        0x0 /usr/lib/gcc/x86_64-linux-gnu/5/crtend.o
 .data          0x0000000000605138        0x0 /usr/lib/gcc/x86_64-linux-gnu/5/../../../x86_64-linux-gnu/crtn.o

.tm_clone_table
                0x0000000000605138        0x0
 .tm_clone_table
                0x0000000000605138        0x0 /usr/lib/gcc/x86_64-linux-gnu/5/crtbegin.o
 .tm_clone_table
                0x0000000000605138        0x0 /usr/lib/gcc/x86_64-linux-gnu/5/crtend.o

.data1
 *(.data1)
                0x0000000000605138                _edata = .
                [!provide]                        PROVIDE (edata, .)
                0x0000000000605138                . = .
                0x0000000000605138                __bss_start = .

.bss            0x0000000000605140      0x138
 *(.dynbss)
 .dynbss        0x0000000000605140        0x0 /usr/lib/gcc/x86_64-linux-gnu/5/../../../x86_64-linux-gnu/crt1.o
 *(.bss .bss.* .gnu.linkonce.b.*)
 .bss           0x0000000000605140        0x0 /usr/lib/gcc/x86_64-linux-gnu/5/../../../x86_64-linux-gnu/crt1.o
 .bss           0x0000000000605140        0x0 /usr/lib/gcc/x86_64-linux-gnu/5/../../../x86_64-linux-gnu/crti.o
 .bss           0x0000000000605140        0x1 /usr/lib/gcc/x86_64-linux-gnu/5/crtbegin.o
 .bss           0x0000000000605141        0x0 log_test.o
 .bss           0x0000000000605141        0x0 /home/zengchao/share/CBB-master/lib/liblog.a(log.o)
 .bss           0x0000000000605141        0x0 /home/zengchao/share/CBB-master/lib/liblog.a(logfile.o)
 .bss           0x0000000000605141        0x0 /home/zengchao/share/CBB-master/lib/liblog.a(logconsole.o)
 .bss           0x0000000000605141        0x0 /home/zengchao/share/CBB-master/lib/libsal.a(libc.o)
 *fill*         0x0000000000605141        0x7 
 .bss           0x0000000000605148       0x20 /home/zengchao/share/CBB-master/lib/libsal.a(alloc.o)
 .bss           0x0000000000605168        0x0 /usr/lib/x86_64-linux-gnu/libc_nonshared.a(elf-init.oS)
 .bss           0x0000000000605168        0x0 /usr/lib/gcc/x86_64-linux-gnu/5/crtend.o
 .bss           0x0000000000605168        0x0 /usr/lib/gcc/x86_64-linux-gnu/5/../../../x86_64-linux-gnu/crtn.o
 *(COMMON)
 COMMON         0x0000000000605168        0x8 /home/zengchao/share/CBB-master/lib/liblog.a(log.o)
                0x0000000000605168                bslsink_sinks
 *fill*         0x0000000000605170       0x10 
 COMMON         0x0000000000605180       0x78 /home/zengchao/share/CBB-master/lib/liblog.a(logfile.o)
                0x0000000000605180                logfile_sink
 *fill*         0x00000000006051f8        0x8 
 COMMON         0x0000000000605200       0x78 /home/zengchao/share/CBB-master/lib/liblog.a(logconsole.o)
                0x0000000000605200                console_sink
                0x0000000000605278                . = ALIGN ((. != 0x0)?0x8:0x1)

.lbss
 *(.dynlbss)
 *(.lbss .lbss.* .gnu.linkonce.lb.*)
 *(LARGE_COMMON)
                0x0000000000605278                . = ALIGN (0x8)
                0x0000000000605278                . = SEGMENT_START ("ldata-segment", .)

.lrodata
 *(.lrodata .lrodata.* .gnu.linkonce.lr.*)

.ldata          0x0000000000a05278        0x0
 *(.ldata .ldata.* .gnu.linkonce.l.*)
                0x0000000000a05278                . = ALIGN ((. != 0x0)?0x8:0x1)
                0x0000000000a05278                . = ALIGN (0x8)
                0x0000000000a05278                _end = .
                [!provide]                        PROVIDE (end, .)
                0x0000000000a05278                . = DATA_SEGMENT_END (.)

.stab
 *(.stab)

.stabstr
 *(.stabstr)

.stab.excl
 *(.stab.excl)

.stab.exclstr
 *(.stab.exclstr)

.stab.index
 *(.stab.index)

.stab.indexstr
 *(.stab.indexstr)

.comment        0x0000000000000000       0x34
 *(.comment)
 .comment       0x0000000000000000       0x34 /usr/lib/gcc/x86_64-linux-gnu/5/crtbegin.o
                                         0x35 (size before relaxing)
 .comment       0x0000000000000034       0x35 log_test.o
 .comment       0x0000000000000034       0x35 /home/zengchao/share/CBB-master/lib/liblog.a(log.o)
 .comment       0x0000000000000034       0x35 /home/zengchao/share/CBB-master/lib/liblog.a(logfile.o)
 .comment       0x0000000000000034       0x35 /home/zengchao/share/CBB-master/lib/liblog.a(logconsole.o)
 .comment       0x0000000000000034       0x35 /home/zengchao/share/CBB-master/lib/libsal.a(libc.o)
 .comment       0x0000000000000034       0x35 /home/zengchao/share/CBB-master/lib/libsal.a(alloc.o)
 .comment       0x0000000000000034       0x35 /usr/lib/gcc/x86_64-linux-gnu/5/crtend.o

.debug
 *(.debug)

.line
 *(.line)

.debug_srcinfo
 *(.debug_srcinfo)

.debug_sfnames
 *(.debug_sfnames)

.debug_aranges  0x0000000000000000      0x120
 *(.debug_aranges)
 .debug_aranges
                0x0000000000000000       0x30 log_test.o
 .debug_aranges
                0x0000000000000030       0x30 /home/zengchao/share/CBB-master/lib/liblog.a(log.o)
 .debug_aranges
                0x0000000000000060       0x30 /home/zengchao/share/CBB-master/lib/liblog.a(logfile.o)
 .debug_aranges
                0x0000000000000090       0x30 /home/zengchao/share/CBB-master/lib/liblog.a(logconsole.o)
 .debug_aranges
                0x00000000000000c0       0x30 /home/zengchao/share/CBB-master/lib/libsal.a(libc.o)
 .debug_aranges
                0x00000000000000f0       0x30 /home/zengchao/share/CBB-master/lib/libsal.a(alloc.o)

.debug_pubnames
 *(.debug_pubnames)

.debug_info     0x0000000000000000     0x219e
 *(.debug_info .gnu.linkonce.wi.*)
 .debug_info    0x0000000000000000      0x1fc log_test.o
 .debug_info    0x00000000000001fc      0x643 /home/zengchao/share/CBB-master/lib/liblog.a(log.o)
 .debug_info    0x000000000000083f      0x648 /home/zengchao/share/CBB-master/lib/liblog.a(logfile.o)
 .debug_info    0x0000000000000e87      0x412 /home/zengchao/share/CBB-master/lib/liblog.a(logconsole.o)
 .debug_info    0x0000000000001299      0xacb /home/zengchao/share/CBB-master/lib/libsal.a(libc.o)
 .debug_info    0x0000000000001d64      0x43a /home/zengchao/share/CBB-master/lib/libsal.a(alloc.o)

.debug_abbrev   0x0000000000000000      0x911
 *(.debug_abbrev)
 .debug_abbrev  0x0000000000000000       0xd0 log_test.o
 .debug_abbrev  0x00000000000000d0      0x1ea /home/zengchao/share/CBB-master/lib/liblog.a(log.o)
 .debug_abbrev  0x00000000000002ba      0x191 /home/zengchao/share/CBB-master/lib/liblog.a(logfile.o)
 .debug_abbrev  0x000000000000044b      0x168 /home/zengchao/share/CBB-master/lib/liblog.a(logconsole.o)
 .debug_abbrev  0x00000000000005b3      0x1e6 /home/zengchao/share/CBB-master/lib/libsal.a(libc.o)
 .debug_abbrev  0x0000000000000799      0x178 /home/zengchao/share/CBB-master/lib/libsal.a(alloc.o)

.debug_line     0x0000000000000000      0xb6b
 *(.debug_line .debug_line.* .debug_line_end)
 .debug_line    0x0000000000000000       0x8a log_test.o
 .debug_line    0x000000000000008a      0x19d /home/zengchao/share/CBB-master/lib/liblog.a(log.o)
 .debug_line    0x0000000000000227      0x144 /home/zengchao/share/CBB-master/lib/liblog.a(logfile.o)
 .debug_line    0x000000000000036b       0xb5 /home/zengchao/share/CBB-master/lib/liblog.a(logconsole.o)
 .debug_line    0x0000000000000420      0x5ec /home/zengchao/share/CBB-master/lib/libsal.a(libc.o)
 .debug_line    0x0000000000000a0c      0x15f /home/zengchao/share/CBB-master/lib/libsal.a(alloc.o)

.debug_frame
 *(.debug_frame)

.debug_str      0x0000000000000000      0x9c8
 *(.debug_str)
 .debug_str     0x0000000000000000      0x1a9 log_test.o
                                        0x1e2 (size before relaxing)
 .debug_str     0x00000000000001a9      0x2a0 /home/zengchao/share/CBB-master/lib/liblog.a(log.o)
                                        0x45b (size before relaxing)
 .debug_str     0x0000000000000449      0x1d0 /home/zengchao/share/CBB-master/lib/liblog.a(logfile.o)
                                        0x549 (size before relaxing)
 .debug_str     0x0000000000000619       0x57 /home/zengchao/share/CBB-master/lib/liblog.a(logconsole.o)
                                        0x3a9 (size before relaxing)
 .debug_str     0x0000000000000670      0x22d /home/zengchao/share/CBB-master/lib/libsal.a(libc.o)
                                        0x380 (size before relaxing)
 .debug_str     0x000000000000089d      0x12b /home/zengchao/share/CBB-master/lib/libsal.a(alloc.o)
                                        0x248 (size before relaxing)

.debug_loc
 *(.debug_loc)

.debug_macinfo
 *(.debug_macinfo)

.debug_weaknames
 *(.debug_weaknames)

.debug_funcnames
 *(.debug_funcnames)

.debug_typenames
 *(.debug_typenames)

.debug_varnames
 *(.debug_varnames)

.debug_pubtypes
 *(.debug_pubtypes)

.debug_ranges   0x0000000000000000       0x60
 *(.debug_ranges)
 .debug_ranges  0x0000000000000000       0x30 /home/zengchao/share/CBB-master/lib/liblog.a(log.o)
 .debug_ranges  0x0000000000000030       0x30 /home/zengchao/share/CBB-master/lib/libsal.a(libc.o)

.debug_macro
 *(.debug_macro)

.gnu.attributes
 *(.gnu.attributes)

/DISCARD/
 *(.note.GNU-stack)
 *(.gnu_debuglink)
 *(.gnu.lto_*)
OUTPUT(/home/zengchao/share/CBB-master/bin/log.out elf64-x86-64)
