Archive member included to satisfy reference by file (symbol)

/home/zengchao/share/CBB-master/lib/libsal.a(libc.o)
                              getip.o (memset)
/home/zengchao/share/CBB-master/lib/libsal.a(alloc.o)
                              /home/zengchao/share/CBB-master/lib/libsal.a(libc.o) (sal_alloc)
/usr/lib/x86_64-linux-gnu/libc_nonshared.a(elf-init.oS)
                              /usr/lib/gcc/x86_64-linux-gnu/5/../../../x86_64-linux-gnu/crt1.o (__libc_csu_init)

Discarded input sections

 .note.GNU-stack
                0x0000000000000000        0x0 /usr/lib/gcc/x86_64-linux-gnu/5/../../../x86_64-linux-gnu/crt1.o
 .note.GNU-stack
                0x0000000000000000        0x0 /usr/lib/gcc/x86_64-linux-gnu/5/../../../x86_64-linux-gnu/crti.o
 .note.GNU-stack
                0x0000000000000000        0x0 /usr/lib/gcc/x86_64-linux-gnu/5/crtbegin.o
 .note.GNU-stack
                0x0000000000000000        0x0 getip.o
 .note.GNU-stack
                0x0000000000000000        0x0 /home/zengchao/share/CBB-master/lib/libsal.a(libc.o)
 .note.GNU-stack
                0x0000000000000000        0x0 /home/zengchao/share/CBB-master/lib/libsal.a(alloc.o)
 .note.GNU-stack
                0x0000000000000000        0x0 /usr/lib/x86_64-linux-gnu/libc_nonshared.a(elf-init.oS)
 .note.GNU-stack
                0x0000000000000000        0x0 /usr/lib/gcc/x86_64-linux-gnu/5/crtend.o
 .note.GNU-stack
                0x0000000000000000        0x0 /usr/lib/gcc/x86_64-linux-gnu/5/../../../x86_64-linux-gnu/crtn.o

Memory Configuration

Name             Origin             Length             Attributes
*default*        0x0000000000000000 0xffffffffffffffff

Linker script and memory map

LOAD /usr/lib/gcc/x86_64-linux-gnu/5/../../../x86_64-linux-gnu/crt1.o
LOAD /usr/lib/gcc/x86_64-linux-gnu/5/../../../x86_64-linux-gnu/crti.o
LOAD /usr/lib/gcc/x86_64-linux-gnu/5/crtbegin.o
LOAD getip.o
START GROUP
END GROUP
LOAD /home/zengchao/share/CBB-master/lib/libasound.so
LOAD /home/zengchao/share/CBB-master/lib/libsal.a
LOAD /home/zengchao/share/CBB-master/lib/libmad.a
LOAD /usr/lib/gcc/x86_64-linux-gnu/5/../../../x86_64-linux-gnu/libpthread.so
START GROUP
LOAD /lib/x86_64-linux-gnu/libpthread.so.0
LOAD /usr/lib/x86_64-linux-gnu/libpthread_nonshared.a
END GROUP
LOAD /usr/lib/gcc/x86_64-linux-gnu/5/../../../x86_64-linux-gnu/libm.so
START GROUP
LOAD /lib/x86_64-linux-gnu/libm.so.6
LOAD /usr/lib/x86_64-linux-gnu/libmvec_nonshared.a
LOAD /lib/x86_64-linux-gnu/libmvec.so.1
END GROUP
LOAD /usr/lib/gcc/x86_64-linux-gnu/5/../../../x86_64-linux-gnu/librt.so
LOAD /usr/lib/gcc/x86_64-linux-gnu/5/libgcc.a
LOAD /usr/lib/gcc/x86_64-linux-gnu/5/libgcc_s.so
LOAD /usr/lib/gcc/x86_64-linux-gnu/5/../../../x86_64-linux-gnu/libc.so
START GROUP
LOAD /lib/x86_64-linux-gnu/libc.so.6
LOAD /usr/lib/x86_64-linux-gnu/libc_nonshared.a
LOAD /lib/x86_64-linux-gnu/ld-linux-x86-64.so.2
END GROUP
LOAD /usr/lib/gcc/x86_64-linux-gnu/5/libgcc.a
LOAD /usr/lib/gcc/x86_64-linux-gnu/5/libgcc_s.so
LOAD /usr/lib/gcc/x86_64-linux-gnu/5/crtend.o
LOAD /usr/lib/gcc/x86_64-linux-gnu/5/../../../x86_64-linux-gnu/crtn.o
                [!provide]                        PROVIDE (__executable_start, 0x400000)
                0x0000000000400238                . = (0x400000 + SIZEOF_HEADERS)

.interp         0x0000000000400238       0x1c
 *(.interp)
 .interp        0x0000000000400238       0x1c /usr/lib/gcc/x86_64-linux-gnu/5/../../../x86_64-linux-gnu/crt1.o

.note.ABI-tag   0x0000000000400254       0x20
 .note.ABI-tag  0x0000000000400254       0x20 /usr/lib/gcc/x86_64-linux-gnu/5/../../../x86_64-linux-gnu/crt1.o

.note.gnu.build-id
                0x0000000000400274       0x24
 *(.note.gnu.build-id)
 .note.gnu.build-id
                0x0000000000400274       0x24 /usr/lib/gcc/x86_64-linux-gnu/5/../../../x86_64-linux-gnu/crt1.o

.hash
 *(.hash)

.gnu.hash       0x0000000000400298       0x28
 *(.gnu.hash)
 .gnu.hash      0x0000000000400298       0x28 /usr/lib/gcc/x86_64-linux-gnu/5/../../../x86_64-linux-gnu/crt1.o

.dynsym         0x00000000004002c0      0x198
 *(.dynsym)
 .dynsym        0x00000000004002c0      0x198 /usr/lib/gcc/x86_64-linux-gnu/5/../../../x86_64-linux-gnu/crt1.o

.dynstr         0x0000000000400458       0xbd
 *(.dynstr)
 .dynstr        0x0000000000400458       0xbd /usr/lib/gcc/x86_64-linux-gnu/5/../../../x86_64-linux-gnu/crt1.o

.gnu.version    0x0000000000400516       0x22
 *(.gnu.version)
 .gnu.version   0x0000000000400516       0x22 /usr/lib/gcc/x86_64-linux-gnu/5/../../../x86_64-linux-gnu/crt1.o

.gnu.version_d  0x0000000000400538        0x0
 *(.gnu.version_d)
 .gnu.version_d
                0x0000000000400538        0x0 /usr/lib/gcc/x86_64-linux-gnu/5/../../../x86_64-linux-gnu/crt1.o

.gnu.version_r  0x0000000000400538       0x30
 *(.gnu.version_r)
 .gnu.version_r
                0x0000000000400538       0x30 /usr/lib/gcc/x86_64-linux-gnu/5/../../../x86_64-linux-gnu/crt1.o

.rela.dyn       0x0000000000400568       0x18
 *(.rela.init)
 *(.rela.text .rela.text.* .rela.gnu.linkonce.t.*)
 .rela.text     0x0000000000400568        0x0 /usr/lib/gcc/x86_64-linux-gnu/5/../../../x86_64-linux-gnu/crt1.o
 *(.rela.fini)
 *(.rela.rodata .rela.rodata.* .rela.gnu.linkonce.r.*)
 *(.rela.data .rela.data.* .rela.gnu.linkonce.d.*)
 *(.rela.tdata .rela.tdata.* .rela.gnu.linkonce.td.*)
 *(.rela.tbss .rela.tbss.* .rela.gnu.linkonce.tb.*)
 *(.rela.ctors)
 *(.rela.dtors)
 *(.rela.got)
 .rela.got      0x0000000000400568       0x18 /usr/lib/gcc/x86_64-linux-gnu/5/../../../x86_64-linux-gnu/crt1.o
 *(.rela.bss .rela.bss.* .rela.gnu.linkonce.b.*)
 .rela.bss      0x0000000000400580        0x0 /usr/lib/gcc/x86_64-linux-gnu/5/../../../x86_64-linux-gnu/crt1.o
 *(.rela.ldata .rela.ldata.* .rela.gnu.linkonce.l.*)
 *(.rela.lbss .rela.lbss.* .rela.gnu.linkonce.lb.*)
 *(.rela.lrodata .rela.lrodata.* .rela.gnu.linkonce.lr.*)
 *(.rela.ifunc)

.rela.plt       0x0000000000400580      0x138
 *(.rela.plt)
 .rela.plt      0x0000000000400580      0x138 /usr/lib/gcc/x86_64-linux-gnu/5/../../../x86_64-linux-gnu/crt1.o
                [!provide]                        PROVIDE (__rela_iplt_start, .)
 *(.rela.iplt)
 .rela.iplt     0x00000000004006b8        0x0 /usr/lib/gcc/x86_64-linux-gnu/5/../../../x86_64-linux-gnu/crt1.o
                [!provide]                        PROVIDE (__rela_iplt_end, .)

.init           0x00000000004006b8       0x1a
 *(SORT(.init))
 .init          0x00000000004006b8       0x15 /usr/lib/gcc/x86_64-linux-gnu/5/../../../x86_64-linux-gnu/crti.o
                0x00000000004006b8                _init
 .init          0x00000000004006cd        0x5 /usr/lib/gcc/x86_64-linux-gnu/5/../../../x86_64-linux-gnu/crtn.o

.plt            0x00000000004006e0       0xe0
 *(.plt)
 .plt           0x00000000004006e0       0xe0 /usr/lib/gcc/x86_64-linux-gnu/5/../../../x86_64-linux-gnu/crt1.o
                0x00000000004006f0                inet_ntop@@GLIBC_2.2.5
                0x0000000000400700                free@@GLIBC_2.2.5
                0x0000000000400710                puts@@GLIBC_2.2.5
                0x0000000000400720                strlen@@GLIBC_2.2.5
                0x0000000000400730                __stack_chk_fail@@GLIBC_2.4
                0x0000000000400740                strchr@@GLIBC_2.2.5
                0x0000000000400750                __assert_fail@@GLIBC_2.2.5
                0x0000000000400760                __libc_start_main@@GLIBC_2.2.5
                0x0000000000400770                malloc@@GLIBC_2.2.5
                0x0000000000400780                perror@@GLIBC_2.2.5
                0x0000000000400790                exit@@GLIBC_2.2.5
                0x00000000004007a0                getaddrinfo@@GLIBC_2.2.5
                0x00000000004007b0                freeaddrinfo@@GLIBC_2.2.5
 *(.iplt)
 .iplt          0x00000000004007c0        0x0 /usr/lib/gcc/x86_64-linux-gnu/5/../../../x86_64-linux-gnu/crt1.o

.plt.got        0x00000000004007c0        0x8
 *(.plt.got)
 .plt.got       0x00000000004007c0        0x8 /usr/lib/gcc/x86_64-linux-gnu/5/../../../x86_64-linux-gnu/crt1.o

.plt.bnd
 *(.plt.bnd)

.text           0x00000000004007d0     0x1f22
 *(.text.unlikely .text.*_unlikely .text.unlikely.*)
 .text.unlikely
                0x00000000004007d0        0x0 /usr/lib/gcc/x86_64-linux-gnu/5/crtbegin.o
 .text.unlikely
                0x00000000004007d0        0x0 /usr/lib/x86_64-linux-gnu/libc_nonshared.a(elf-init.oS)
 *(.text.exit .text.exit.*)
 *(.text.startup .text.startup.*)
 *(.text.hot .text.hot.*)
 *(.text .stub .text.* .gnu.linkonce.t.*)
 .text          0x00000000004007d0       0x2a /usr/lib/gcc/x86_64-linux-gnu/5/../../../x86_64-linux-gnu/crt1.o
                0x00000000004007d0                _start
 .text          0x00000000004007fa        0x0 /usr/lib/gcc/x86_64-linux-gnu/5/../../../x86_64-linux-gnu/crti.o
 *fill*         0x00000000004007fa        0x6 
 .text          0x0000000000400800       0xc6 /usr/lib/gcc/x86_64-linux-gnu/5/crtbegin.o
 .text          0x00000000004008c6      0x116 getip.o
                0x00000000004008c6                main
 .text          0x00000000004009dc     0x18bc /home/zengchao/share/CBB-master/lib/libsal.a(libc.o)
                0x00000000004009dc                sal_strlen
                0x0000000000400a0e                sal_strcpy
                0x0000000000400a4d                sal_strncpy
                0x0000000000400aa7                sal_strcmp
                0x0000000000400b04                memcpy
                0x0000000000400b5a                memset
                0x0000000000400b9b                sal_memcmp
                0x0000000000400c11                sal_strdup
                0x0000000000400c62                sal_strndup
                0x0000000000400ccc                sal_strtok_r
                0x0000000000400dcf                sal_ctoi
                0x0000000000400f3e                sal_ltoa
                0x000000000040102d                sal_itoa
                0x0000000000401064                sal_ftoa
                0x0000000000401289                sal_vsnprintf
                0x0000000000401fd9                sal_vsprintf
                0x0000000000402008                sal_snprintf
                0x00000000004020e9                sal_sprintf
                0x00000000004021c8                sal_free_safe
                0x00000000004021ea                sal_ceil_func
                0x0000000000402229                sal_floor_func
                0x0000000000402253                sal_rand
                0x0000000000402284                sal_srand
 .text          0x0000000000402298      0x3e1 /home/zengchao/share/CBB-master/lib/libsal.a(alloc.o)
                0x0000000000402298                sal_get_alloc_counters
                0x00000000004022c3                sal_alloc
                0x00000000004023ac                sal_free
                0x00000000004024cf                sal_dma_alloc
                0x000000000040257e                sal_dma_free
                0x0000000000402633                sal_dma_flush
                0x0000000000402641                sal_dma_inval
                0x000000000040264f                sal_dma_vtop
                0x000000000040265d                sal_dma_ptov
                0x000000000040266b                sal_memory_check
 *fill*         0x0000000000402679        0x7 
 .text          0x0000000000402680       0x72 /usr/lib/x86_64-linux-gnu/libc_nonshared.a(elf-init.oS)
                0x0000000000402680                __libc_csu_init
                0x00000000004026f0                __libc_csu_fini
 .text          0x00000000004026f2        0x0 /usr/lib/gcc/x86_64-linux-gnu/5/crtend.o
 .text          0x00000000004026f2        0x0 /usr/lib/gcc/x86_64-linux-gnu/5/../../../x86_64-linux-gnu/crtn.o
 *(.gnu.warning)

.fini           0x00000000004026f4        0x9
 *(SORT(.fini))
 .fini          0x00000000004026f4        0x4 /usr/lib/gcc/x86_64-linux-gnu/5/../../../x86_64-linux-gnu/crti.o
                0x00000000004026f4                _fini
 .fini          0x00000000004026f8        0x5 /usr/lib/gcc/x86_64-linux-gnu/5/../../../x86_64-linux-gnu/crtn.o
                [!provide]                        PROVIDE (__etext, .)
                [!provide]                        PROVIDE (_etext, .)
                [!provide]                        PROVIDE (etext, .)

.rodata         0x0000000000402700      0x63d
 *(.rodata .rodata.* .gnu.linkonce.r.*)
 .rodata.cst4   0x0000000000402700        0x4 /usr/lib/gcc/x86_64-linux-gnu/5/../../../x86_64-linux-gnu/crt1.o
                0x0000000000402700                _IO_stdin_used
 .rodata        0x0000000000402704       0x1c getip.o
 .rodata        0x0000000000402720      0x578 /home/zengchao/share/CBB-master/lib/libsal.a(libc.o)
 .rodata        0x0000000000402c98       0xa5 /home/zengchao/share/CBB-master/lib/libsal.a(alloc.o)

.rodata1
 *(.rodata1)

.eh_frame_hdr   0x0000000000402d40      0x13c
 *(.eh_frame_hdr)
 .eh_frame_hdr  0x0000000000402d40      0x13c /usr/lib/gcc/x86_64-linux-gnu/5/../../../x86_64-linux-gnu/crt1.o
                0x0000000000402d40                __GNU_EH_FRAME_HDR
 *(.eh_frame_entry .eh_frame_entry.*)

.eh_frame       0x0000000000402e80      0x51c
 *(.eh_frame)
 .eh_frame      0x0000000000402e80       0x30 /usr/lib/gcc/x86_64-linux-gnu/5/../../../x86_64-linux-gnu/crt1.o
 .eh_frame      0x0000000000402eb0       0x40 /usr/lib/gcc/x86_64-linux-gnu/5/../../../x86_64-linux-gnu/crt1.o
 .eh_frame      0x0000000000402ef0       0x20 getip.o
                                         0x38 (size before relaxing)
 .eh_frame      0x0000000000402f10      0x2e8 /home/zengchao/share/CBB-master/lib/libsal.a(libc.o)
                                        0x300 (size before relaxing)
 .eh_frame      0x00000000004031f8      0x140 /home/zengchao/share/CBB-master/lib/libsal.a(alloc.o)
                                        0x158 (size before relaxing)
 .eh_frame      0x0000000000403338       0x60 /usr/lib/x86_64-linux-gnu/libc_nonshared.a(elf-init.oS)
                                         0x78 (size before relaxing)
 .eh_frame      0x0000000000403398        0x4 /usr/lib/gcc/x86_64-linux-gnu/5/crtend.o
 *(.eh_frame.*)

.gcc_except_table
 *(.gcc_except_table .gcc_except_table.*)

.gnu_extab
 *(.gnu_extab*)

.exception_ranges
 *(.exception_ranges .exception_ranges*)
                0x0000000000603e10                . = DATA_SEGMENT_ALIGN (0x200000, 0x1000)

.eh_frame
 *(.eh_frame)
 *(.eh_frame.*)

.gnu_extab
 *(.gnu_extab)

.gcc_except_table
 *(.gcc_except_table .gcc_except_table.*)

.exception_ranges
 *(.exception_ranges .exception_ranges*)

.tdata
 *(.tdata .tdata.* .gnu.linkonce.td.*)

.tbss
 *(.tbss .tbss.* .gnu.linkonce.tb.*)
 *(.tcommon)

.preinit_array  0x0000000000603e10        0x0
                [!provide]                        PROVIDE (__preinit_array_start, .)
 *(.preinit_array)
                [!provide]                        PROVIDE (__preinit_array_end, .)

.init_array     0x0000000000603e10        0x8
                0x0000000000603e10                PROVIDE (__init_array_start, .)
 *(SORT(.init_array.*) SORT(.ctors.*))
 *(.init_array EXCLUDE_FILE(*crtend?.o *crtend.o *crtbegin?.o *crtbegin.o) .ctors)
 .init_array    0x0000000000603e10        0x8 /usr/lib/gcc/x86_64-linux-gnu/5/crtbegin.o
                0x0000000000603e18                PROVIDE (__init_array_end, .)

.fini_array     0x0000000000603e18        0x8
                [!provide]                        PROVIDE (__fini_array_start, .)
 *(SORT(.fini_array.*) SORT(.dtors.*))
 *(.fini_array EXCLUDE_FILE(*crtend?.o *crtend.o *crtbegin?.o *crtbegin.o) .dtors)
 .fini_array    0x0000000000603e18        0x8 /usr/lib/gcc/x86_64-linux-gnu/5/crtbegin.o
                [!provide]                        PROVIDE (__fini_array_end, .)

.ctors
 *crtbegin.o(.ctors)
 *crtbegin?.o(.ctors)
 *(EXCLUDE_FILE(*crtend?.o *crtend.o) .ctors)
 *(SORT(.ctors.*))
 *(.ctors)

.dtors
 *crtbegin.o(.dtors)
 *crtbegin?.o(.dtors)
 *(EXCLUDE_FILE(*crtend?.o *crtend.o) .dtors)
 *(SORT(.dtors.*))
 *(.dtors)

.jcr            0x0000000000603e20        0x8
 *(.jcr)
 .jcr           0x0000000000603e20        0x0 /usr/lib/gcc/x86_64-linux-gnu/5/crtbegin.o
 .jcr           0x0000000000603e20        0x8 /usr/lib/gcc/x86_64-linux-gnu/5/crtend.o

.data.rel.ro
 *(.data.rel.ro.local* .gnu.linkonce.d.rel.ro.local.*)
 *(.data.rel.ro .data.rel.ro.* .gnu.linkonce.d.rel.ro.*)

.dynamic        0x0000000000603e28      0x1d0
 *(.dynamic)
 .dynamic       0x0000000000603e28      0x1d0 /usr/lib/gcc/x86_64-linux-gnu/5/../../../x86_64-linux-gnu/crt1.o
                0x0000000000603e28                _DYNAMIC

.got            0x0000000000603ff8        0x8
 *(.got)
 .got           0x0000000000603ff8        0x8 /usr/lib/gcc/x86_64-linux-gnu/5/../../../x86_64-linux-gnu/crt1.o
 *(.igot)
                0x0000000000604fe8                . = DATA_SEGMENT_RELRO_END (., (SIZEOF (.got.plt) >= 0x18)?0x18:0x0)

.got.plt        0x0000000000604000       0x80
 *(.got.plt)
 .got.plt       0x0000000000604000       0x80 /usr/lib/gcc/x86_64-linux-gnu/5/../../../x86_64-linux-gnu/crt1.o
                0x0000000000604000                _GLOBAL_OFFSET_TABLE_
 *(.igot.plt)
 .igot.plt      0x0000000000604080        0x0 /usr/lib/gcc/x86_64-linux-gnu/5/../../../x86_64-linux-gnu/crt1.o

.data           0x0000000000604080       0x18
 *(.data .data.* .gnu.linkonce.d.*)
 .data          0x0000000000604080        0x4 /usr/lib/gcc/x86_64-linux-gnu/5/../../../x86_64-linux-gnu/crt1.o
                0x0000000000604080                data_start
                0x0000000000604080                __data_start
 .data          0x0000000000604084        0x0 /usr/lib/gcc/x86_64-linux-gnu/5/../../../x86_64-linux-gnu/crti.o
 *fill*         0x0000000000604084        0x4 
 .data          0x0000000000604088        0x8 /usr/lib/gcc/x86_64-linux-gnu/5/crtbegin.o
                0x0000000000604088                __dso_handle
 .data          0x0000000000604090        0x0 getip.o
 .data          0x0000000000604090        0x8 /home/zengchao/share/CBB-master/lib/libsal.a(libc.o)
 .data          0x0000000000604098        0x0 /home/zengchao/share/CBB-master/lib/libsal.a(alloc.o)
 .data          0x0000000000604098        0x0 /usr/lib/x86_64-linux-gnu/libc_nonshared.a(elf-init.oS)
 .data          0x0000000000604098        0x0 /usr/lib/gcc/x86_64-linux-gnu/5/crtend.o
 .data          0x0000000000604098        0x0 /usr/lib/gcc/x86_64-linux-gnu/5/../../../x86_64-linux-gnu/crtn.o

.tm_clone_table
                0x0000000000604098        0x0
 .tm_clone_table
                0x0000000000604098        0x0 /usr/lib/gcc/x86_64-linux-gnu/5/crtbegin.o
 .tm_clone_table
                0x0000000000604098        0x0 /usr/lib/gcc/x86_64-linux-gnu/5/crtend.o

.data1
 *(.data1)
                0x0000000000604098                _edata = .
                [!provide]                        PROVIDE (edata, .)
                0x0000000000604098                . = .
                0x0000000000604098                __bss_start = .

.bss            0x0000000000604098       0x28
 *(.dynbss)
 .dynbss        0x0000000000604098        0x0 /usr/lib/gcc/x86_64-linux-gnu/5/../../../x86_64-linux-gnu/crt1.o
 *(.bss .bss.* .gnu.linkonce.b.*)
 .bss           0x0000000000604098        0x0 /usr/lib/gcc/x86_64-linux-gnu/5/../../../x86_64-linux-gnu/crt1.o
 .bss           0x0000000000604098        0x0 /usr/lib/gcc/x86_64-linux-gnu/5/../../../x86_64-linux-gnu/crti.o
 .bss           0x0000000000604098        0x1 /usr/lib/gcc/x86_64-linux-gnu/5/crtbegin.o
 .bss           0x0000000000604099        0x0 getip.o
 .bss           0x0000000000604099        0x0 /home/zengchao/share/CBB-master/lib/libsal.a(libc.o)
 *fill*         0x0000000000604099        0x7 
 .bss           0x00000000006040a0       0x20 /home/zengchao/share/CBB-master/lib/libsal.a(alloc.o)
 .bss           0x00000000006040c0        0x0 /usr/lib/x86_64-linux-gnu/libc_nonshared.a(elf-init.oS)
 .bss           0x00000000006040c0        0x0 /usr/lib/gcc/x86_64-linux-gnu/5/crtend.o
 .bss           0x00000000006040c0        0x0 /usr/lib/gcc/x86_64-linux-gnu/5/../../../x86_64-linux-gnu/crtn.o
 *(COMMON)
                0x00000000006040c0                . = ALIGN ((. != 0x0)?0x8:0x1)

.lbss
 *(.dynlbss)
 *(.lbss .lbss.* .gnu.linkonce.lb.*)
 *(LARGE_COMMON)
                0x00000000006040c0                . = ALIGN (0x8)
                0x00000000006040c0                . = SEGMENT_START ("ldata-segment", .)

.lrodata
 *(.lrodata .lrodata.* .gnu.linkonce.lr.*)

.ldata          0x0000000000a040c0        0x0
 *(.ldata .ldata.* .gnu.linkonce.l.*)
                0x0000000000a040c0                . = ALIGN ((. != 0x0)?0x8:0x1)
                0x0000000000a040c0                . = ALIGN (0x8)
                0x0000000000a040c0                _end = .
                [!provide]                        PROVIDE (end, .)
                0x0000000000a040c0                . = DATA_SEGMENT_END (.)

.stab
 *(.stab)

.stabstr
 *(.stabstr)

.stab.excl
 *(.stab.excl)

.stab.exclstr
 *(.stab.exclstr)

.stab.index
 *(.stab.index)

.stab.indexstr
 *(.stab.indexstr)

.comment        0x0000000000000000       0x68
 *(.comment)
 .comment       0x0000000000000000       0x34 /usr/lib/gcc/x86_64-linux-gnu/5/crtbegin.o
                                         0x35 (size before relaxing)
 .comment       0x0000000000000034       0x35 getip.o
 .comment       0x0000000000000034       0x34 /home/zengchao/share/CBB-master/lib/libsal.a(libc.o)
                                         0x35 (size before relaxing)
 .comment       0x0000000000000068       0x35 /home/zengchao/share/CBB-master/lib/libsal.a(alloc.o)
 .comment       0x0000000000000068       0x35 /usr/lib/gcc/x86_64-linux-gnu/5/crtend.o

.debug
 *(.debug)

.line
 *(.line)

.debug_srcinfo
 *(.debug_srcinfo)

.debug_sfnames
 *(.debug_sfnames)

.debug_aranges  0x0000000000000000       0x90
 *(.debug_aranges)
 .debug_aranges
                0x0000000000000000       0x30 getip.o
 .debug_aranges
                0x0000000000000030       0x30 /home/zengchao/share/CBB-master/lib/libsal.a(libc.o)
 .debug_aranges
                0x0000000000000060       0x30 /home/zengchao/share/CBB-master/lib/libsal.a(alloc.o)

.debug_pubnames
 *(.debug_pubnames)

.debug_info     0x0000000000000000     0x11f3
 *(.debug_info .gnu.linkonce.wi.*)
 .debug_info    0x0000000000000000      0x2ee getip.o
 .debug_info    0x00000000000002ee      0xacb /home/zengchao/share/CBB-master/lib/libsal.a(libc.o)
 .debug_info    0x0000000000000db9      0x43a /home/zengchao/share/CBB-master/lib/libsal.a(alloc.o)

.debug_abbrev   0x0000000000000000      0x468
 *(.debug_abbrev)
 .debug_abbrev  0x0000000000000000      0x10a getip.o
 .debug_abbrev  0x000000000000010a      0x1e6 /home/zengchao/share/CBB-master/lib/libsal.a(libc.o)
 .debug_abbrev  0x00000000000002f0      0x178 /home/zengchao/share/CBB-master/lib/libsal.a(alloc.o)

.debug_line     0x0000000000000000      0x850
 *(.debug_line .debug_line.* .debug_line_end)
 .debug_line    0x0000000000000000      0x105 getip.o
 .debug_line    0x0000000000000105      0x5ec /home/zengchao/share/CBB-master/lib/libsal.a(libc.o)
 .debug_line    0x00000000000006f1      0x15f /home/zengchao/share/CBB-master/lib/libsal.a(alloc.o)

.debug_frame
 *(.debug_frame)

.debug_str      0x0000000000000000      0x616
 *(.debug_str)
 .debug_str     0x0000000000000000      0x25f getip.o
                                        0x2af (size before relaxing)
 .debug_str     0x000000000000025f      0x291 /home/zengchao/share/CBB-master/lib/libsal.a(libc.o)
                                        0x380 (size before relaxing)
 .debug_str     0x00000000000004f0      0x126 /home/zengchao/share/CBB-master/lib/libsal.a(alloc.o)
                                        0x248 (size before relaxing)

.debug_loc
 *(.debug_loc)

.debug_macinfo
 *(.debug_macinfo)

.debug_weaknames
 *(.debug_weaknames)

.debug_funcnames
 *(.debug_funcnames)

.debug_typenames
 *(.debug_typenames)

.debug_varnames
 *(.debug_varnames)

.debug_pubtypes
 *(.debug_pubtypes)

.debug_ranges   0x0000000000000000       0x30
 *(.debug_ranges)
 .debug_ranges  0x0000000000000000       0x30 /home/zengchao/share/CBB-master/lib/libsal.a(libc.o)

.debug_macro
 *(.debug_macro)

.gnu.attributes
 *(.gnu.attributes)

/DISCARD/
 *(.note.GNU-stack)
 *(.gnu_debuglink)
 *(.gnu.lto_*)
OUTPUT(/home/zengchao/share/CBB-master/bin/getip.out elf64-x86-64)
