Archive member included to satisfy reference by file (symbol)

/home/zengchao/share/CBB-master/lib/libsal.a(thread.o)
                              record.o (sal_thread_create)
/home/zengchao/share/CBB-master/lib/libsal.a(sync.o)
                              /home/zengchao/share/CBB-master/lib/libsal.a(thread.o) (sal_sem_create)
/home/zengchao/share/CBB-master/lib/libsal.a(spl.o)
                              /home/zengchao/share/CBB-master/lib/libsal.a(thread.o) (sal_spl)
/home/zengchao/share/CBB-master/lib/libsal.a(time.o)
                              /home/zengchao/share/CBB-master/lib/libsal.a(thread.o) (sal_time_usecs)
/home/zengchao/share/CBB-master/lib/libsal.a(libc.o)
                              /home/zengchao/share/CBB-master/lib/libsal.a(sync.o) (memset)
/home/zengchao/share/CBB-master/lib/libsal.a(alloc.o)
                              /home/zengchao/share/CBB-master/lib/libsal.a(libc.o) (sal_alloc)
/usr/lib/x86_64-linux-gnu/libc_nonshared.a(elf-init.oS)
                              /usr/lib/gcc/x86_64-linux-gnu/5/../../../x86_64-linux-gnu/crt1.o (__libc_csu_init)

As-needed library included to satisfy reference by file (symbol)

libasound.so.2                record.o (snd_pcm_hw_params_any@@ALSA_0.9)
libpthread.so.0               /home/zengchao/share/CBB-master/lib/libsal.a(sync.o) (pthread_mutex_destroy@@GLIBC_2.2.5)
librt.so.1                    /home/zengchao/share/CBB-master/lib/libsal.a(sync.o) (clock_gettime@@GLIBC_2.2.5)

Allocating common symbols
Common symbol       size              file

vd_params           0x30              record.o

Discarded input sections

 .note.GNU-stack
                0x0000000000000000        0x0 /usr/lib/gcc/x86_64-linux-gnu/5/../../../x86_64-linux-gnu/crt1.o
 .note.GNU-stack
                0x0000000000000000        0x0 /usr/lib/gcc/x86_64-linux-gnu/5/../../../x86_64-linux-gnu/crti.o
 .note.GNU-stack
                0x0000000000000000        0x0 /usr/lib/gcc/x86_64-linux-gnu/5/crtbegin.o
 .note.GNU-stack
                0x0000000000000000        0x0 pcm2wav.o
 .note.GNU-stack
                0x0000000000000000        0x0 record.o
 .note.GNU-stack
                0x0000000000000000        0x0 /home/zengchao/share/CBB-master/lib/libsal.a(thread.o)
 .note.GNU-stack
                0x0000000000000000        0x0 /home/zengchao/share/CBB-master/lib/libsal.a(sync.o)
 .note.GNU-stack
                0x0000000000000000        0x0 /home/zengchao/share/CBB-master/lib/libsal.a(spl.o)
 .note.GNU-stack
                0x0000000000000000        0x0 /home/zengchao/share/CBB-master/lib/libsal.a(time.o)
 .note.GNU-stack
                0x0000000000000000        0x0 /home/zengchao/share/CBB-master/lib/libsal.a(libc.o)
 .note.GNU-stack
                0x0000000000000000        0x0 /home/zengchao/share/CBB-master/lib/libsal.a(alloc.o)
 .note.GNU-stack
                0x0000000000000000        0x0 /usr/lib/x86_64-linux-gnu/libc_nonshared.a(elf-init.oS)
 .note.GNU-stack
                0x0000000000000000        0x0 /usr/lib/gcc/x86_64-linux-gnu/5/crtend.o
 .note.GNU-stack
                0x0000000000000000        0x0 /usr/lib/gcc/x86_64-linux-gnu/5/../../../x86_64-linux-gnu/crtn.o

Memory Configuration

Name             Origin             Length             Attributes
*default*        0x0000000000000000 0xffffffffffffffff

Linker script and memory map

LOAD /usr/lib/gcc/x86_64-linux-gnu/5/../../../x86_64-linux-gnu/crt1.o
LOAD /usr/lib/gcc/x86_64-linux-gnu/5/../../../x86_64-linux-gnu/crti.o
LOAD /usr/lib/gcc/x86_64-linux-gnu/5/crtbegin.o
LOAD pcm2wav.o
LOAD record.o
START GROUP
END GROUP
LOAD /home/zengchao/share/CBB-master/lib/libasound.so
LOAD /home/zengchao/share/CBB-master/lib/libsal.a
LOAD /usr/lib/gcc/x86_64-linux-gnu/5/../../../x86_64-linux-gnu/libpthread.so
START GROUP
LOAD /lib/x86_64-linux-gnu/libpthread.so.0
LOAD /usr/lib/x86_64-linux-gnu/libpthread_nonshared.a
END GROUP
LOAD /usr/lib/gcc/x86_64-linux-gnu/5/../../../x86_64-linux-gnu/libm.so
START GROUP
LOAD /lib/x86_64-linux-gnu/libm.so.6
LOAD /usr/lib/x86_64-linux-gnu/libmvec_nonshared.a
LOAD /lib/x86_64-linux-gnu/libmvec.so.1
END GROUP
LOAD /usr/lib/gcc/x86_64-linux-gnu/5/../../../x86_64-linux-gnu/librt.so
LOAD /usr/lib/gcc/x86_64-linux-gnu/5/libgcc.a
LOAD /usr/lib/gcc/x86_64-linux-gnu/5/libgcc_s.so
LOAD /usr/lib/gcc/x86_64-linux-gnu/5/../../../x86_64-linux-gnu/libc.so
START GROUP
LOAD /lib/x86_64-linux-gnu/libc.so.6
LOAD /usr/lib/x86_64-linux-gnu/libc_nonshared.a
LOAD /lib/x86_64-linux-gnu/ld-linux-x86-64.so.2
END GROUP
LOAD /usr/lib/gcc/x86_64-linux-gnu/5/libgcc.a
LOAD /usr/lib/gcc/x86_64-linux-gnu/5/libgcc_s.so
LOAD /usr/lib/gcc/x86_64-linux-gnu/5/crtend.o
LOAD /usr/lib/gcc/x86_64-linux-gnu/5/../../../x86_64-linux-gnu/crtn.o
                [!provide]                        PROVIDE (__executable_start, 0x400000)
                0x0000000000400238                . = (0x400000 + SIZEOF_HEADERS)

.interp         0x0000000000400238       0x1c
 *(.interp)
 .interp        0x0000000000400238       0x1c /usr/lib/gcc/x86_64-linux-gnu/5/../../../x86_64-linux-gnu/crt1.o

.note.ABI-tag   0x0000000000400254       0x20
 .note.ABI-tag  0x0000000000400254       0x20 /usr/lib/gcc/x86_64-linux-gnu/5/../../../x86_64-linux-gnu/crt1.o

.note.gnu.build-id
                0x0000000000400274       0x24
 *(.note.gnu.build-id)
 .note.gnu.build-id
                0x0000000000400274       0x24 /usr/lib/gcc/x86_64-linux-gnu/5/../../../x86_64-linux-gnu/crt1.o

.hash
 *(.hash)

.gnu.hash       0x0000000000400298       0x30
 *(.gnu.hash)
 .gnu.hash      0x0000000000400298       0x30 /usr/lib/gcc/x86_64-linux-gnu/5/../../../x86_64-linux-gnu/crt1.o

.dynsym         0x00000000004002c8      0x768
 *(.dynsym)
 .dynsym        0x00000000004002c8      0x768 /usr/lib/gcc/x86_64-linux-gnu/5/../../../x86_64-linux-gnu/crt1.o

.dynstr         0x0000000000400a30      0x4ec
 *(.dynstr)
 .dynstr        0x0000000000400a30      0x4ec /usr/lib/gcc/x86_64-linux-gnu/5/../../../x86_64-linux-gnu/crt1.o

.gnu.version    0x0000000000400f1c       0x9e
 *(.gnu.version)
 .gnu.version   0x0000000000400f1c       0x9e /usr/lib/gcc/x86_64-linux-gnu/5/../../../x86_64-linux-gnu/crt1.o

.gnu.version_d  0x0000000000400fc0        0x0
 *(.gnu.version_d)
 .gnu.version_d
                0x0000000000400fc0        0x0 /usr/lib/gcc/x86_64-linux-gnu/5/../../../x86_64-linux-gnu/crt1.o

.gnu.version_r  0x0000000000400fc0       0xa0
 *(.gnu.version_r)
 .gnu.version_r
                0x0000000000400fc0       0xa0 /usr/lib/gcc/x86_64-linux-gnu/5/../../../x86_64-linux-gnu/crt1.o

.rela.dyn       0x0000000000401060       0x30
 *(.rela.init)
 *(.rela.text .rela.text.* .rela.gnu.linkonce.t.*)
 .rela.text     0x0000000000401060        0x0 /usr/lib/gcc/x86_64-linux-gnu/5/../../../x86_64-linux-gnu/crt1.o
 *(.rela.fini)
 *(.rela.rodata .rela.rodata.* .rela.gnu.linkonce.r.*)
 *(.rela.data .rela.data.* .rela.gnu.linkonce.d.*)
 *(.rela.tdata .rela.tdata.* .rela.gnu.linkonce.td.*)
 *(.rela.tbss .rela.tbss.* .rela.gnu.linkonce.tb.*)
 *(.rela.ctors)
 *(.rela.dtors)
 *(.rela.got)
 .rela.got      0x0000000000401060       0x18 /usr/lib/gcc/x86_64-linux-gnu/5/../../../x86_64-linux-gnu/crt1.o
 *(.rela.bss .rela.bss.* .rela.gnu.linkonce.b.*)
 .rela.bss      0x0000000000401078       0x18 /usr/lib/gcc/x86_64-linux-gnu/5/../../../x86_64-linux-gnu/crt1.o
 *(.rela.ldata .rela.ldata.* .rela.gnu.linkonce.l.*)
 *(.rela.lbss .rela.lbss.* .rela.gnu.linkonce.lb.*)
 *(.rela.lrodata .rela.lrodata.* .rela.gnu.linkonce.lr.*)
 *(.rela.ifunc)

.rela.plt       0x0000000000401090      0x6a8
 *(.rela.plt)
 .rela.plt      0x0000000000401090      0x6a8 /usr/lib/gcc/x86_64-linux-gnu/5/../../../x86_64-linux-gnu/crt1.o
                [!provide]                        PROVIDE (__rela_iplt_start, .)
 *(.rela.iplt)
 .rela.iplt     0x0000000000401738        0x0 /usr/lib/gcc/x86_64-linux-gnu/5/../../../x86_64-linux-gnu/crt1.o
                [!provide]                        PROVIDE (__rela_iplt_end, .)

.init           0x0000000000401738       0x1a
 *(SORT(.init))
 .init          0x0000000000401738       0x15 /usr/lib/gcc/x86_64-linux-gnu/5/../../../x86_64-linux-gnu/crti.o
                0x0000000000401738                _init
 .init          0x000000000040174d        0x5 /usr/lib/gcc/x86_64-linux-gnu/5/../../../x86_64-linux-gnu/crtn.o

.plt            0x0000000000401760      0x480
 *(.plt)
 .plt           0x0000000000401760      0x480 /usr/lib/gcc/x86_64-linux-gnu/5/../../../x86_64-linux-gnu/crt1.o
                0x0000000000401770                pthread_setcancelstate@@GLIBC_2.2.5
                0x0000000000401780                sem_wait@@GLIBC_2.2.5
                0x0000000000401790                pthread_getspecific@@GLIBC_2.2.5
                0x00000000004017a0                printf@@GLIBC_2.2.5
                0x00000000004017b0                snd_pcm_hw_params_any@@ALSA_0.9
                0x00000000004017c0                snd_pcm_close@@ALSA_0.9
                0x00000000004017d0                ftell@@GLIBC_2.2.5
                0x00000000004017e0                pthread_mutex_timedlock@@GLIBC_2.2.5
                0x00000000004017f0                pthread_setspecific@@GLIBC_2.2.5
                0x0000000000401800                sem_destroy@@GLIBC_2.2.5
                0x0000000000401810                puts@@GLIBC_2.2.5
                0x0000000000401820                fseek@@GLIBC_2.2.5
                0x0000000000401830                select@@GLIBC_2.2.5
                0x0000000000401840                __assert_fail@@GLIBC_2.2.5
                0x0000000000401850                prctl@@GLIBC_2.2.5
                0x0000000000401860                gettimeofday@@GLIBC_2.2.5
                0x0000000000401870                malloc@@GLIBC_2.2.5
                0x0000000000401880                fopen@@GLIBC_2.2.5
                0x0000000000401890                __libc_start_main@@GLIBC_2.2.5
                0x00000000004018a0                sched_yield@@GLIBC_2.2.5
                0x00000000004018b0                snd_pcm_hw_params@@ALSA_0.9
                0x00000000004018c0                pthread_mutex_init@@GLIBC_2.2.5
                0x00000000004018d0                snd_pcm_open@@ALSA_0.9
                0x00000000004018e0                free@@GLIBC_2.2.5
                0x00000000004018f0                strlen@@GLIBC_2.2.5
                0x0000000000401900                pthread_create@@GLIBC_2.2.5
                0x0000000000401910                pthread_key_delete@@GLIBC_2.2.5
                0x0000000000401920                sem_timedwait@@GLIBC_2.2.5
                0x0000000000401930                syscall@@GLIBC_2.2.5
                0x0000000000401940                pthread_setcanceltype@@GLIBC_2.2.5
                0x0000000000401950                pthread_self@@GLIBC_2.2.5
                0x0000000000401960                snd_pcm_readi@@ALSA_0.9
                0x0000000000401970                snd_strerror@@ALSA_0.9
                0x0000000000401980                sigprocmask@@GLIBC_2.2.5
                0x0000000000401990                pthread_attr_setstacksize@@GLIBC_2.2.5
                0x00000000004019a0                pthread_exit@@GLIBC_2.2.5
                0x00000000004019b0                strchr@@GLIBC_2.2.5
                0x00000000004019c0                fread@@GLIBC_2.2.5
                0x00000000004019d0                __errno_location@@GLIBC_2.2.5
                0x00000000004019e0                sigaddset@@GLIBC_2.2.5
                0x00000000004019f0                sem_init@@GLIBC_2.2.5
                0x0000000000401a00                pthread_mutexattr_settype@@GLIBC_2.2.5
                0x0000000000401a10                __stack_chk_fail@@GLIBC_2.4
                0x0000000000401a20                snd_pcm_hw_params_set_rate_near@@ALSA_0.9.0rc4
                0x0000000000401a30                sem_post@@GLIBC_2.2.5
                0x0000000000401a40                strcpy@@GLIBC_2.2.5
                0x0000000000401a50                snd_pcm_hw_params_set_access@@ALSA_0.9
                0x0000000000401a60                pthread_cancel@@GLIBC_2.2.5
                0x0000000000401a70                snd_pcm_hw_params_malloc@@ALSA_0.9
                0x0000000000401a80                pthread_detach@@GLIBC_2.2.5
                0x0000000000401a90                snd_pcm_hw_params_set_channels@@ALSA_0.9
                0x0000000000401aa0                fclose@@GLIBC_2.2.5
                0x0000000000401ab0                strncpy@@GLIBC_2.2.5
                0x0000000000401ac0                pthread_attr_init@@GLIBC_2.2.5
                0x0000000000401ad0                sem_getvalue@@GLIBC_2.2.5
                0x0000000000401ae0                pthread_attr_setschedpolicy@@GLIBC_2.2.5
                0x0000000000401af0                sigemptyset@@GLIBC_2.2.5
                0x0000000000401b00                pthread_attr_setschedparam@@GLIBC_2.2.5
                0x0000000000401b10                fwrite@@GLIBC_2.2.5
                0x0000000000401b20                pthread_mutex_lock@@GLIBC_2.2.5
                0x0000000000401b30                perror@@GLIBC_2.2.5
                0x0000000000401b40                pthread_mutexattr_init@@GLIBC_2.2.5
                0x0000000000401b50                pthread_key_create@@GLIBC_2.2.5
                0x0000000000401b60                fprintf@@GLIBC_2.2.5
                0x0000000000401b70                pthread_attr_setinheritsched@@GLIBC_2.2.5
                0x0000000000401b80                pthread_mutex_destroy@@GLIBC_2.2.5
                0x0000000000401b90                clock_gettime@@GLIBC_2.2.5
                0x0000000000401ba0                pthread_mutex_unlock@@GLIBC_2.2.5
                0x0000000000401bb0                snd_pcm_hw_params_free@@ALSA_0.9
                0x0000000000401bc0                snd_pcm_hw_params_set_format@@ALSA_0.9
                0x0000000000401bd0                time@@GLIBC_2.2.5
 *(.iplt)
 .iplt          0x0000000000401be0        0x0 /usr/lib/gcc/x86_64-linux-gnu/5/../../../x86_64-linux-gnu/crt1.o

.plt.got        0x0000000000401be0        0x8
 *(.plt.got)
 .plt.got       0x0000000000401be0        0x8 /usr/lib/gcc/x86_64-linux-gnu/5/../../../x86_64-linux-gnu/crt1.o

.plt.bnd
 *(.plt.bnd)

.text           0x0000000000401bf0     0x3d32
 *(.text.unlikely .text.*_unlikely .text.unlikely.*)
 .text.unlikely
                0x0000000000401bf0        0x0 /usr/lib/gcc/x86_64-linux-gnu/5/crtbegin.o
 .text.unlikely
                0x0000000000401bf0        0x0 /usr/lib/x86_64-linux-gnu/libc_nonshared.a(elf-init.oS)
 *(.text.exit .text.exit.*)
 *(.text.startup .text.startup.*)
 *(.text.hot .text.hot.*)
 *(.text .stub .text.* .gnu.linkonce.t.*)
 .text          0x0000000000401bf0       0x2a /usr/lib/gcc/x86_64-linux-gnu/5/../../../x86_64-linux-gnu/crt1.o
                0x0000000000401bf0                _start
 .text          0x0000000000401c1a        0x0 /usr/lib/gcc/x86_64-linux-gnu/5/../../../x86_64-linux-gnu/crti.o
 *fill*         0x0000000000401c1a        0x6 
 .text          0x0000000000401c20       0xc6 /usr/lib/gcc/x86_64-linux-gnu/5/crtbegin.o
 .text          0x0000000000401ce6      0x2f4 pcm2wav.o
                0x0000000000401ce6                pcm2wav
 .text          0x0000000000401fda      0x5ae record.o
                0x0000000000401fda                pcm_hw_params_configs
                0x0000000000402089                pcm_device_init
                0x000000000040236e                pcm_capture_thread
                0x0000000000402532                main
 .text          0x0000000000402588      0xb23 /home/zengchao/share/CBB-master/lib/libsal.a(thread.o)
                0x00000000004026ce                sal_thread_create
                0x000000000040295b                sal_thread_destroy
                0x0000000000402a31                sal_thread_self
                0x0000000000402a3c                sal_thread_id_get
                0x0000000000402a51                sal_thread_name
                0x0000000000402aff                sal_thread_exit
                0x0000000000402bc1                sal_thread_yield
                0x0000000000402bd2                sal_thread_main_set
                0x0000000000402be8                sal_thread_main_get
                0x0000000000402bf5                sal_sleep
                0x0000000000402c57                sal_usleep
                0x0000000000402d30                sal_udelay
                0x0000000000402f22                sal_tls_key_create
                0x0000000000402fd2                sal_tls_key_set
                0x0000000000403027                sal_tls_key_get
                0x0000000000403061                sal_tls_key_delete
 .text          0x00000000004030ab      0x950 /home/zengchao/share/CBB-master/lib/libsal.a(sync.o)
                0x00000000004033f8                sal_mutex_create
                0x0000000000403412                sal_mutex_destroy
                0x00000000004034f0                sal_mutex_take
                0x0000000000403646                sal_mutex_give
                0x0000000000403734                sal_sem_create
                0x00000000004037b0                sal_sem_destroy
                0x00000000004037ff                sal_sem_take
                0x00000000004038eb                sal_sem_give
                0x0000000000403989                sal_spinlock_create
                0x00000000004039a3                sal_spinlock_destroy
                0x00000000004039c2                sal_spinlock_lock
                0x00000000004039e1                sal_spinlock_unlock
 .text          0x00000000004039fb      0x10a /home/zengchao/share/CBB-master/lib/libsal.a(spl.o)
                0x00000000004039fb                sal_spl_init
                0x0000000000403a65                sal_spl
                0x0000000000403ab4                sal_splhi
                0x0000000000403ad9                sal_int_context
                0x0000000000403afa                sal_no_sleep
 .text          0x0000000000403b05      0x10e /home/zengchao/share/CBB-master/lib/libsal.a(time.o)
                0x0000000000403b05                sal_time_double
                0x0000000000403b6d                sal_time_usecs
                0x0000000000403c03                sal_time
 .text          0x0000000000403c13     0x18bc /home/zengchao/share/CBB-master/lib/libsal.a(libc.o)
                0x0000000000403c13                sal_strlen
                0x0000000000403c45                sal_strcpy
                0x0000000000403c84                sal_strncpy
                0x0000000000403cde                sal_strcmp
                0x0000000000403d3b                memcpy
                0x0000000000403d91                memset
                0x0000000000403dd2                sal_memcmp
                0x0000000000403e48                sal_strdup
                0x0000000000403e99                sal_strndup
                0x0000000000403f03                sal_strtok_r
                0x0000000000404006                sal_ctoi
                0x0000000000404175                sal_ltoa
                0x0000000000404264                sal_itoa
                0x000000000040429b                sal_ftoa
                0x00000000004044c0                sal_vsnprintf
                0x0000000000405210                sal_vsprintf
                0x000000000040523f                sal_snprintf
                0x0000000000405320                sal_sprintf
                0x00000000004053ff                sal_free_safe
                0x0000000000405421                sal_ceil_func
                0x0000000000405460                sal_floor_func
                0x000000000040548a                sal_rand
                0x00000000004054bb                sal_srand
 .text          0x00000000004054cf      0x3e1 /home/zengchao/share/CBB-master/lib/libsal.a(alloc.o)
                0x00000000004054cf                sal_get_alloc_counters
                0x00000000004054fa                sal_alloc
                0x00000000004055e3                sal_free
                0x0000000000405706                sal_dma_alloc
                0x00000000004057b5                sal_dma_free
                0x000000000040586a                sal_dma_flush
                0x0000000000405878                sal_dma_inval
                0x0000000000405886                sal_dma_vtop
                0x0000000000405894                sal_dma_ptov
                0x00000000004058a2                sal_memory_check
 .text          0x00000000004058b0       0x72 /usr/lib/x86_64-linux-gnu/libc_nonshared.a(elf-init.oS)
                0x00000000004058b0                __libc_csu_init
                0x0000000000405920                __libc_csu_fini
 .text          0x0000000000405922        0x0 /usr/lib/gcc/x86_64-linux-gnu/5/crtend.o
 .text          0x0000000000405922        0x0 /usr/lib/gcc/x86_64-linux-gnu/5/../../../x86_64-linux-gnu/crtn.o
 *(.gnu.warning)

.fini           0x0000000000405924        0x9
 *(SORT(.fini))
 .fini          0x0000000000405924        0x4 /usr/lib/gcc/x86_64-linux-gnu/5/../../../x86_64-linux-gnu/crti.o
                0x0000000000405924                _fini
 .fini          0x0000000000405928        0x5 /usr/lib/gcc/x86_64-linux-gnu/5/../../../x86_64-linux-gnu/crtn.o
                [!provide]                        PROVIDE (__etext, .)
                [!provide]                        PROVIDE (_etext, .)
                [!provide]                        PROVIDE (etext, .)

.rodata         0x0000000000405930      0x9fd
 *(.rodata .rodata.* .gnu.linkonce.r.*)
 .rodata.cst4   0x0000000000405930        0x4 /usr/lib/gcc/x86_64-linux-gnu/5/../../../x86_64-linux-gnu/crt1.o
                0x0000000000405930                _IO_stdin_used
 .rodata        0x0000000000405934       0x33 pcm2wav.o
 *fill*         0x0000000000405967        0x1 
 .rodata        0x0000000000405968      0x221 record.o
 .rodata        0x0000000000405b89        0xb /home/zengchao/share/CBB-master/lib/libsal.a(thread.o)
 *fill*         0x0000000000405b94        0xc 
 .rodata        0x0000000000405ba0      0x140 /home/zengchao/share/CBB-master/lib/libsal.a(sync.o)
 .rodata        0x0000000000405ce0       0x28 /home/zengchao/share/CBB-master/lib/libsal.a(spl.o)
 .rodata        0x0000000000405d08        0x8 /home/zengchao/share/CBB-master/lib/libsal.a(time.o)
 .rodata        0x0000000000405d10      0x578 /home/zengchao/share/CBB-master/lib/libsal.a(libc.o)
 .rodata        0x0000000000406288       0xa5 /home/zengchao/share/CBB-master/lib/libsal.a(alloc.o)

.rodata1
 *(.rodata1)

.eh_frame_hdr   0x0000000000406330      0x2ac
 *(.eh_frame_hdr)
 .eh_frame_hdr  0x0000000000406330      0x2ac /usr/lib/gcc/x86_64-linux-gnu/5/../../../x86_64-linux-gnu/crt1.o
                0x0000000000406330                __GNU_EH_FRAME_HDR
 *(.eh_frame_entry .eh_frame_entry.*)

.eh_frame       0x00000000004065e0      0xae4
 *(.eh_frame)
 .eh_frame      0x00000000004065e0       0x30 /usr/lib/gcc/x86_64-linux-gnu/5/../../../x86_64-linux-gnu/crt1.o
 .eh_frame      0x0000000000406610       0x40 /usr/lib/gcc/x86_64-linux-gnu/5/../../../x86_64-linux-gnu/crt1.o
 .eh_frame      0x0000000000406650       0x20 pcm2wav.o
                                         0x38 (size before relaxing)
 .eh_frame      0x0000000000406670       0x80 record.o
                                         0x98 (size before relaxing)
 .eh_frame      0x00000000004066f0      0x240 /home/zengchao/share/CBB-master/lib/libsal.a(thread.o)
                                        0x258 (size before relaxing)
 .eh_frame      0x0000000000406930      0x208 /home/zengchao/share/CBB-master/lib/libsal.a(sync.o)
                                        0x220 (size before relaxing)
 .eh_frame      0x0000000000406b38       0xa0 /home/zengchao/share/CBB-master/lib/libsal.a(spl.o)
                                         0xb8 (size before relaxing)
 .eh_frame      0x0000000000406bd8       0x60 /home/zengchao/share/CBB-master/lib/libsal.a(time.o)
                                         0x78 (size before relaxing)
 .eh_frame      0x0000000000406c38      0x2e8 /home/zengchao/share/CBB-master/lib/libsal.a(libc.o)
                                        0x300 (size before relaxing)
 .eh_frame      0x0000000000406f20      0x140 /home/zengchao/share/CBB-master/lib/libsal.a(alloc.o)
                                        0x158 (size before relaxing)
 .eh_frame      0x0000000000407060       0x60 /usr/lib/x86_64-linux-gnu/libc_nonshared.a(elf-init.oS)
                                         0x78 (size before relaxing)
 .eh_frame      0x00000000004070c0        0x4 /usr/lib/gcc/x86_64-linux-gnu/5/crtend.o
 *(.eh_frame.*)

.gcc_except_table
 *(.gcc_except_table .gcc_except_table.*)

.gnu_extab
 *(.gnu_extab*)

.exception_ranges
 *(.exception_ranges .exception_ranges*)
                0x0000000000607de0                . = DATA_SEGMENT_ALIGN (0x200000, 0x1000)

.eh_frame
 *(.eh_frame)
 *(.eh_frame.*)

.gnu_extab
 *(.gnu_extab)

.gcc_except_table
 *(.gcc_except_table .gcc_except_table.*)

.exception_ranges
 *(.exception_ranges .exception_ranges*)

.tdata
 *(.tdata .tdata.* .gnu.linkonce.td.*)

.tbss
 *(.tbss .tbss.* .gnu.linkonce.tb.*)
 *(.tcommon)

.preinit_array  0x0000000000607de0        0x0
                [!provide]                        PROVIDE (__preinit_array_start, .)
 *(.preinit_array)
                [!provide]                        PROVIDE (__preinit_array_end, .)

.init_array     0x0000000000607de0        0x8
                0x0000000000607de0                PROVIDE (__init_array_start, .)
 *(SORT(.init_array.*) SORT(.ctors.*))
 *(.init_array EXCLUDE_FILE(*crtend?.o *crtend.o *crtbegin?.o *crtbegin.o) .ctors)
 .init_array    0x0000000000607de0        0x8 /usr/lib/gcc/x86_64-linux-gnu/5/crtbegin.o
                0x0000000000607de8                PROVIDE (__init_array_end, .)

.fini_array     0x0000000000607de8        0x8
                [!provide]                        PROVIDE (__fini_array_start, .)
 *(SORT(.fini_array.*) SORT(.dtors.*))
 *(.fini_array EXCLUDE_FILE(*crtend?.o *crtend.o *crtbegin?.o *crtbegin.o) .dtors)
 .fini_array    0x0000000000607de8        0x8 /usr/lib/gcc/x86_64-linux-gnu/5/crtbegin.o
                [!provide]                        PROVIDE (__fini_array_end, .)

.ctors
 *crtbegin.o(.ctors)
 *crtbegin?.o(.ctors)
 *(EXCLUDE_FILE(*crtend?.o *crtend.o) .ctors)
 *(SORT(.ctors.*))
 *(.ctors)

.dtors
 *crtbegin.o(.dtors)
 *crtbegin?.o(.dtors)
 *(EXCLUDE_FILE(*crtend?.o *crtend.o) .dtors)
 *(SORT(.dtors.*))
 *(.dtors)

.jcr            0x0000000000607df0        0x8
 *(.jcr)
 .jcr           0x0000000000607df0        0x0 /usr/lib/gcc/x86_64-linux-gnu/5/crtbegin.o
 .jcr           0x0000000000607df0        0x8 /usr/lib/gcc/x86_64-linux-gnu/5/crtend.o

.data.rel.ro
 *(.data.rel.ro.local* .gnu.linkonce.d.rel.ro.local.*)
 *(.data.rel.ro .data.rel.ro.* .gnu.linkonce.d.rel.ro.*)

.dynamic        0x0000000000607df8      0x200
 *(.dynamic)
 .dynamic       0x0000000000607df8      0x200 /usr/lib/gcc/x86_64-linux-gnu/5/../../../x86_64-linux-gnu/crt1.o
                0x0000000000607df8                _DYNAMIC

.got            0x0000000000607ff8        0x8
 *(.got)
 .got           0x0000000000607ff8        0x8 /usr/lib/gcc/x86_64-linux-gnu/5/../../../x86_64-linux-gnu/crt1.o
 *(.igot)
                0x0000000000608fe8                . = DATA_SEGMENT_RELRO_END (., (SIZEOF (.got.plt) >= 0x18)?0x18:0x0)

.got.plt        0x0000000000608000      0x250
 *(.got.plt)
 .got.plt       0x0000000000608000      0x250 /usr/lib/gcc/x86_64-linux-gnu/5/../../../x86_64-linux-gnu/crt1.o
                0x0000000000608000                _GLOBAL_OFFSET_TABLE_
 *(.igot.plt)
 .igot.plt      0x0000000000608250        0x0 /usr/lib/gcc/x86_64-linux-gnu/5/../../../x86_64-linux-gnu/crt1.o

.data           0x0000000000608250       0x20
 *(.data .data.* .gnu.linkonce.d.*)
 .data          0x0000000000608250        0x4 /usr/lib/gcc/x86_64-linux-gnu/5/../../../x86_64-linux-gnu/crt1.o
                0x0000000000608250                data_start
                0x0000000000608250                __data_start
 .data          0x0000000000608254        0x0 /usr/lib/gcc/x86_64-linux-gnu/5/../../../x86_64-linux-gnu/crti.o
 *fill*         0x0000000000608254        0x4 
 .data          0x0000000000608258        0x8 /usr/lib/gcc/x86_64-linux-gnu/5/crtbegin.o
                0x0000000000608258                __dso_handle
 .data          0x0000000000608260        0x0 pcm2wav.o
 .data          0x0000000000608260        0x0 record.o
 .data          0x0000000000608260        0x0 /home/zengchao/share/CBB-master/lib/libsal.a(thread.o)
 .data          0x0000000000608260        0x8 /home/zengchao/share/CBB-master/lib/libsal.a(sync.o)
 .data          0x0000000000608268        0x0 /home/zengchao/share/CBB-master/lib/libsal.a(spl.o)
 .data          0x0000000000608268        0x0 /home/zengchao/share/CBB-master/lib/libsal.a(time.o)
 .data          0x0000000000608268        0x8 /home/zengchao/share/CBB-master/lib/libsal.a(libc.o)
 .data          0x0000000000608270        0x0 /home/zengchao/share/CBB-master/lib/libsal.a(alloc.o)
 .data          0x0000000000608270        0x0 /usr/lib/x86_64-linux-gnu/libc_nonshared.a(elf-init.oS)
 .data          0x0000000000608270        0x0 /usr/lib/gcc/x86_64-linux-gnu/5/crtend.o
 .data          0x0000000000608270        0x0 /usr/lib/gcc/x86_64-linux-gnu/5/../../../x86_64-linux-gnu/crtn.o

.tm_clone_table
                0x0000000000608270        0x0
 .tm_clone_table
                0x0000000000608270        0x0 /usr/lib/gcc/x86_64-linux-gnu/5/crtbegin.o
 .tm_clone_table
                0x0000000000608270        0x0 /usr/lib/gcc/x86_64-linux-gnu/5/crtend.o

.data1
 *(.data1)
                0x0000000000608270                _edata = .
                [!provide]                        PROVIDE (edata, .)
                0x0000000000608270                . = .
                0x0000000000608270                __bss_start = .

.bss            0x0000000000608280      0x210
 *(.dynbss)
 .dynbss        0x0000000000608280        0x8 /usr/lib/gcc/x86_64-linux-gnu/5/../../../x86_64-linux-gnu/crt1.o
                0x0000000000608280                stderr@@GLIBC_2.2.5
 *(.bss .bss.* .gnu.linkonce.b.*)
 .bss           0x0000000000608288        0x0 /usr/lib/gcc/x86_64-linux-gnu/5/../../../x86_64-linux-gnu/crt1.o
 .bss           0x0000000000608288        0x0 /usr/lib/gcc/x86_64-linux-gnu/5/../../../x86_64-linux-gnu/crti.o
 .bss           0x0000000000608288        0x1 /usr/lib/gcc/x86_64-linux-gnu/5/crtbegin.o
 .bss           0x0000000000608289        0x0 pcm2wav.o
 .bss           0x0000000000608289        0x0 record.o
 *fill*         0x0000000000608289       0x17 
 .bss           0x00000000006082a0       0x8c /home/zengchao/share/CBB-master/lib/libsal.a(thread.o)
 *fill*         0x000000000060832c       0x14 
 .bss           0x0000000000608340       0xa4 /home/zengchao/share/CBB-master/lib/libsal.a(sync.o)
                0x0000000000608340                ctrl_c_blocked
 *fill*         0x00000000006083e4       0x1c 
 .bss           0x0000000000608400       0x2c /home/zengchao/share/CBB-master/lib/libsal.a(spl.o)
 .bss           0x000000000060842c        0x0 /home/zengchao/share/CBB-master/lib/libsal.a(time.o)
 .bss           0x000000000060842c        0x0 /home/zengchao/share/CBB-master/lib/libsal.a(libc.o)
 *fill*         0x000000000060842c        0x4 
 .bss           0x0000000000608430       0x20 /home/zengchao/share/CBB-master/lib/libsal.a(alloc.o)
 .bss           0x0000000000608450        0x0 /usr/lib/x86_64-linux-gnu/libc_nonshared.a(elf-init.oS)
 .bss           0x0000000000608450        0x0 /usr/lib/gcc/x86_64-linux-gnu/5/crtend.o
 .bss           0x0000000000608450        0x0 /usr/lib/gcc/x86_64-linux-gnu/5/../../../x86_64-linux-gnu/crtn.o
 *(COMMON)
 *fill*         0x0000000000608450       0x10 
 COMMON         0x0000000000608460       0x30 record.o
                0x0000000000608460                vd_params
                0x0000000000608490                . = ALIGN ((. != 0x0)?0x8:0x1)

.lbss
 *(.dynlbss)
 *(.lbss .lbss.* .gnu.linkonce.lb.*)
 *(LARGE_COMMON)
                0x0000000000608490                . = ALIGN (0x8)
                0x0000000000608490                . = SEGMENT_START ("ldata-segment", .)

.lrodata
 *(.lrodata .lrodata.* .gnu.linkonce.lr.*)

.ldata          0x0000000000a08490        0x0
 *(.ldata .ldata.* .gnu.linkonce.l.*)
                0x0000000000a08490                . = ALIGN ((. != 0x0)?0x8:0x1)
                0x0000000000a08490                . = ALIGN (0x8)
                0x0000000000a08490                _end = .
                [!provide]                        PROVIDE (end, .)
                0x0000000000a08490                . = DATA_SEGMENT_END (.)

.stab
 *(.stab)

.stabstr
 *(.stabstr)

.stab.excl
 *(.stab.excl)

.stab.exclstr
 *(.stab.exclstr)

.stab.index
 *(.stab.index)

.stab.indexstr
 *(.stab.indexstr)

.comment        0x0000000000000000       0x34
 *(.comment)
 .comment       0x0000000000000000       0x34 /usr/lib/gcc/x86_64-linux-gnu/5/crtbegin.o
                                         0x35 (size before relaxing)
 .comment       0x0000000000000034       0x35 pcm2wav.o
 .comment       0x0000000000000034       0x35 record.o
 .comment       0x0000000000000034       0x35 /home/zengchao/share/CBB-master/lib/libsal.a(thread.o)
 .comment       0x0000000000000034       0x35 /home/zengchao/share/CBB-master/lib/libsal.a(sync.o)
 .comment       0x0000000000000034       0x35 /home/zengchao/share/CBB-master/lib/libsal.a(spl.o)
 .comment       0x0000000000000034       0x35 /home/zengchao/share/CBB-master/lib/libsal.a(time.o)
 .comment       0x0000000000000034       0x35 /home/zengchao/share/CBB-master/lib/libsal.a(libc.o)
 .comment       0x0000000000000034       0x35 /home/zengchao/share/CBB-master/lib/libsal.a(alloc.o)
 .comment       0x0000000000000034       0x35 /usr/lib/gcc/x86_64-linux-gnu/5/crtend.o

.debug
 *(.debug)

.line
 *(.line)

.debug_srcinfo
 *(.debug_srcinfo)

.debug_sfnames
 *(.debug_sfnames)

.debug_aranges  0x0000000000000000      0x180
 *(.debug_aranges)
 .debug_aranges
                0x0000000000000000       0x30 pcm2wav.o
 .debug_aranges
                0x0000000000000030       0x30 record.o
 .debug_aranges
                0x0000000000000060       0x30 /home/zengchao/share/CBB-master/lib/libsal.a(thread.o)
 .debug_aranges
                0x0000000000000090       0x30 /home/zengchao/share/CBB-master/lib/libsal.a(sync.o)
 .debug_aranges
                0x00000000000000c0       0x30 /home/zengchao/share/CBB-master/lib/libsal.a(spl.o)
 .debug_aranges
                0x00000000000000f0       0x30 /home/zengchao/share/CBB-master/lib/libsal.a(time.o)
 .debug_aranges
                0x0000000000000120       0x30 /home/zengchao/share/CBB-master/lib/libsal.a(libc.o)
 .debug_aranges
                0x0000000000000150       0x30 /home/zengchao/share/CBB-master/lib/libsal.a(alloc.o)

.debug_pubnames
 *(.debug_pubnames)

.debug_info     0x0000000000000000     0x33cb
 *(.debug_info .gnu.linkonce.wi.*)
 .debug_info    0x0000000000000000      0x4c7 pcm2wav.o
 .debug_info    0x00000000000004c7      0x718 record.o
 .debug_info    0x0000000000000bdf      0xa6c /home/zengchao/share/CBB-master/lib/libsal.a(thread.o)
 .debug_info    0x000000000000164b      0x999 /home/zengchao/share/CBB-master/lib/libsal.a(sync.o)
 .debug_info    0x0000000000001fe4      0x313 /home/zengchao/share/CBB-master/lib/libsal.a(spl.o)
 .debug_info    0x00000000000022f7      0x1cf /home/zengchao/share/CBB-master/lib/libsal.a(time.o)
 .debug_info    0x00000000000024c6      0xacb /home/zengchao/share/CBB-master/lib/libsal.a(libc.o)
 .debug_info    0x0000000000002f91      0x43a /home/zengchao/share/CBB-master/lib/libsal.a(alloc.o)

.debug_abbrev   0x0000000000000000      0xcc8
 *(.debug_abbrev)
 .debug_abbrev  0x0000000000000000      0x10d pcm2wav.o
 .debug_abbrev  0x000000000000010d      0x19b record.o
 .debug_abbrev  0x00000000000002a8      0x2a0 /home/zengchao/share/CBB-master/lib/libsal.a(thread.o)
 .debug_abbrev  0x0000000000000548      0x235 /home/zengchao/share/CBB-master/lib/libsal.a(sync.o)
 .debug_abbrev  0x000000000000077d      0x143 /home/zengchao/share/CBB-master/lib/libsal.a(spl.o)
 .debug_abbrev  0x00000000000008c0       0xaa /home/zengchao/share/CBB-master/lib/libsal.a(time.o)
 .debug_abbrev  0x000000000000096a      0x1e6 /home/zengchao/share/CBB-master/lib/libsal.a(libc.o)
 .debug_abbrev  0x0000000000000b50      0x178 /home/zengchao/share/CBB-master/lib/libsal.a(alloc.o)

.debug_line     0x0000000000000000     0x12e8
 *(.debug_line .debug_line.* .debug_line_end)
 .debug_line    0x0000000000000000      0x13b pcm2wav.o
 .debug_line    0x000000000000013b      0x216 record.o
 .debug_line    0x0000000000000351      0x356 /home/zengchao/share/CBB-master/lib/libsal.a(thread.o)
 .debug_line    0x00000000000006a7      0x2f7 /home/zengchao/share/CBB-master/lib/libsal.a(sync.o)
 .debug_line    0x000000000000099e       0xb7 /home/zengchao/share/CBB-master/lib/libsal.a(spl.o)
 .debug_line    0x0000000000000a55      0x148 /home/zengchao/share/CBB-master/lib/libsal.a(time.o)
 .debug_line    0x0000000000000b9d      0x5ec /home/zengchao/share/CBB-master/lib/libsal.a(libc.o)
 .debug_line    0x0000000000001189      0x15f /home/zengchao/share/CBB-master/lib/libsal.a(alloc.o)

.debug_frame
 *(.debug_frame)

.debug_str      0x0000000000000000     0x16e4
 *(.debug_str)
 .debug_str     0x0000000000000000      0x34f pcm2wav.o
                                        0x3b7 (size before relaxing)
 .debug_str     0x000000000000034f      0x7d0 record.o
                                        0xa8a (size before relaxing)
 .debug_str     0x0000000000000b1f      0x4a4 /home/zengchao/share/CBB-master/lib/libsal.a(thread.o)
                                        0x5f1 (size before relaxing)
 .debug_str     0x0000000000000fc3      0x26e /home/zengchao/share/CBB-master/lib/libsal.a(sync.o)
                                        0x505 (size before relaxing)
 .debug_str     0x0000000000001231      0x12b /home/zengchao/share/CBB-master/lib/libsal.a(spl.o)
                                        0x31c (size before relaxing)
 .debug_str     0x000000000000135c       0x3a /home/zengchao/share/CBB-master/lib/libsal.a(time.o)
                                        0x1d7 (size before relaxing)
 .debug_str     0x0000000000001396      0x243 /home/zengchao/share/CBB-master/lib/libsal.a(libc.o)
                                        0x380 (size before relaxing)
 .debug_str     0x00000000000015d9      0x10b /home/zengchao/share/CBB-master/lib/libsal.a(alloc.o)
                                        0x248 (size before relaxing)

.debug_loc
 *(.debug_loc)

.debug_macinfo
 *(.debug_macinfo)

.debug_weaknames
 *(.debug_weaknames)

.debug_funcnames
 *(.debug_funcnames)

.debug_typenames
 *(.debug_typenames)

.debug_varnames
 *(.debug_varnames)

.debug_pubtypes
 *(.debug_pubtypes)

.debug_ranges   0x0000000000000000       0x30
 *(.debug_ranges)
 .debug_ranges  0x0000000000000000       0x30 /home/zengchao/share/CBB-master/lib/libsal.a(libc.o)

.debug_macro
 *(.debug_macro)

.gnu.attributes
 *(.gnu.attributes)

/DISCARD/
 *(.note.GNU-stack)
 *(.gnu_debuglink)
 *(.gnu.lto_*)
OUTPUT(/home/zengchao/share/CBB-master/bin/record.out elf64-x86-64)
